2026-07-31 09:27:26.941 [background-preinit] INFO  [cid=none] o.h.validator.internal.util.Version - HV000001: Hibernate Validator 8.0.1.Final
2026-07-31 09:27:27.059 [main] INFO  [cid=none] com.microlend.MicroLendApplication - Starting MicroLendApplication using Java 21.0.2 with PID 17184 (C:\Users\2503700\OneDrive - Cognizant\Desktop\Microlend\backend\target\classes started by 2503700 in C:\Users\2503700\OneDrive - Cognizant\Desktop\Microlend)
2026-07-31 09:27:27.061 [main] INFO  [cid=none] com.microlend.MicroLendApplication - The following 1 profile is active: "dev"
2026-07-31 09:27:32.098 [main] INFO  [cid=none] o.s.d.r.c.RepositoryConfigurationDelegate - Bootstrapping Spring Data JPA repositories in DEFAULT mode.
2026-07-31 09:27:32.686 [main] INFO  [cid=none] o.s.d.r.c.RepositoryConfigurationDelegate - Finished Spring Data repository scanning in 537 ms. Found 18 JPA repository interfaces.
2026-07-31 09:27:35.921 [main] INFO  [cid=none] o.s.b.w.e.tomcat.TomcatWebServer - Tomcat initialized with port 8090 (http)
2026-07-31 09:27:35.954 [main] INFO  [cid=none] o.a.coyote.http11.Http11NioProtocol - Initializing ProtocolHandler ["http-nio-8090"]
2026-07-31 09:27:35.963 [main] INFO  [cid=none] o.a.catalina.core.StandardService - Starting service [Tomcat]
2026-07-31 09:27:35.964 [main] INFO  [cid=none] o.a.catalina.core.StandardEngine - Starting Servlet engine: [Apache Tomcat/10.1.31]
2026-07-31 09:27:36.302 [main] INFO  [cid=none] o.a.c.c.C.[Tomcat].[localhost].[/] - Initializing Spring embedded WebApplicationContext
2026-07-31 09:27:36.307 [main] INFO  [cid=none] o.s.b.w.s.c.ServletWebServerApplicationContext - Root WebApplicationContext: initialization completed in 9120 ms
2026-07-31 09:27:37.600 [main] INFO  [cid=none] o.h.jpa.internal.util.LogHelper - HHH000204: Processing PersistenceUnitInfo [name: default]
2026-07-31 09:27:37.898 [main] INFO  [cid=none] org.hibernate.Version - HHH000412: Hibernate ORM core version 6.5.3.Final
2026-07-31 09:27:38.221 [main] INFO  [cid=none] o.h.c.i.RegionFactoryInitiator - HHH000026: Second-level cache disabled
2026-07-31 09:27:40.431 [main] INFO  [cid=none] o.s.o.j.p.SpringPersistenceUnitInfo - No LoadTimeWeaver setup: ignoring JPA class transformer
2026-07-31 09:27:40.669 [main] INFO  [cid=none] com.zaxxer.hikari.HikariDataSource - HikariPool-1 - Starting...
2026-07-31 09:27:41.570 [main] INFO  [cid=none] com.zaxxer.hikari.pool.HikariPool - HikariPool-1 - Added connection com.mysql.cj.jdbc.ConnectionImpl@da9374c
2026-07-31 09:27:41.583 [main] INFO  [cid=none] com.zaxxer.hikari.HikariDataSource - HikariPool-1 - Start completed.
2026-07-31 09:27:50.185 [main] INFO  [cid=none] o.h.e.t.j.p.i.JtaPlatformInitiator - HHH000489: No JTA platform available (set 'hibernate.transaction.jta.platform' to enable JTA platform integration)
2026-07-31 09:27:51.963 [main] INFO  [cid=none] o.s.o.j.LocalContainerEntityManagerFactoryBean - Initialized JPA EntityManagerFactory for persistence unit 'default'
2026-07-31 09:27:54.672 [main] INFO  [cid=none] o.s.d.j.r.query.QueryEnhancerFactory - Hibernate is in classpath; If applicable, HQL parser will be used.
2026-07-31 09:27:57.388 [main] INFO  [cid=none] c.m.b.service.KycStorageService - KYC storage root: C:\Users\2503700\OneDrive - Cognizant\Desktop\Microlend\uploads\kyc
2026-07-31 09:27:59.312 [main] WARN  [cid=none] o.s.b.a.s.s.UserDetailsServiceAutoConfiguration - 

Using generated security password: 4a7e3c4c-9c6f-4cf4-805f-4bd08bbcfad6

This generated password is for development use only. Your security configuration must be updated before running your application in production.

2026-07-31 09:27:59.334 [main] INFO  [cid=none] o.s.s.c.a.a.c.InitializeUserDetailsBeanManagerConfigurer$InitializeUserDetailsManagerConfigurer - Global AuthenticationManager configured with UserDetailsService bean with name inMemoryUserDetailsManager
2026-07-31 09:28:01.016 [main] INFO  [cid=none] o.s.b.a.e.web.EndpointLinksResolver - Exposing 2 endpoints beneath base path '/actuator'
2026-07-31 09:28:02.880 [main] INFO  [cid=none] o.a.coyote.http11.Http11NioProtocol - Starting ProtocolHandler ["http-nio-8090"]
2026-07-31 09:28:02.946 [main] INFO  [cid=none] o.s.b.w.e.tomcat.TomcatWebServer - Tomcat started on port 8090 (http) with context path '/'
2026-07-31 09:28:02.997 [main] INFO  [cid=none] com.microlend.MicroLendApplication - Started MicroLendApplication in 37.492 seconds (process running for 38.8)
2026-07-31 09:28:03.704 [main] INFO  [cid=none] c.m.identity.bootstrap.DataSeeder - DataSeeder: seed users already present, nothing to create.
2026-07-31 09:30:26.640 [SpringApplicationShutdownHook] INFO  [cid=none] o.s.o.j.LocalContainerEntityManagerFactoryBean - Closing JPA EntityManagerFactory for persistence unit 'default'
2026-07-31 09:30:26.646 [SpringApplicationShutdownHook] INFO  [cid=none] com.zaxxer.hikari.HikariDataSource - HikariPool-1 - Shutdown initiated...
2026-07-31 09:30:26.668 [SpringApplicationShutdownHook] INFO  [cid=none] com.zaxxer.hikari.HikariDataSource - HikariPool-1 - Shutdown completed.
2026-07-31 09:30:38.494 [background-preinit] INFO  [cid=none] o.h.validator.internal.util.Version - HV000001: Hibernate Validator 8.0.1.Final
2026-07-31 09:30:38.599 [main] INFO  [cid=none] com.microlend.MicroLendApplication - Starting MicroLendApplication using Java 21.0.2 with PID 18328 (C:\Users\2503700\OneDrive - Cognizant\Desktop\Microlend\backend\target\classes started by 2503700 in C:\Users\2503700\OneDrive - Cognizant\Desktop\Microlend)
2026-07-31 09:30:38.601 [main] INFO  [cid=none] com.microlend.MicroLendApplication - The following 1 profile is active: "dev"
2026-07-31 09:30:44.661 [main] INFO  [cid=none] o.s.d.r.c.RepositoryConfigurationDelegate - Bootstrapping Spring Data JPA repositories in DEFAULT mode.
2026-07-31 09:30:45.431 [main] INFO  [cid=none] o.s.d.r.c.RepositoryConfigurationDelegate - Finished Spring Data repository scanning in 729 ms. Found 18 JPA repository interfaces.
2026-07-31 09:30:50.395 [main] INFO  [cid=none] o.s.b.w.e.tomcat.TomcatWebServer - Tomcat initialized with port 8090 (http)
2026-07-31 09:30:50.439 [main] INFO  [cid=none] o.a.coyote.http11.Http11NioProtocol - Initializing ProtocolHandler ["http-nio-8090"]
2026-07-31 09:30:50.457 [main] INFO  [cid=none] o.a.catalina.core.StandardService - Starting service [Tomcat]
2026-07-31 09:30:50.458 [main] INFO  [cid=none] o.a.catalina.core.StandardEngine - Starting Servlet engine: [Apache Tomcat/10.1.31]
2026-07-31 09:30:50.833 [main] INFO  [cid=none] o.a.c.c.C.[Tomcat].[localhost].[/] - Initializing Spring embedded WebApplicationContext
2026-07-31 09:30:50.841 [main] INFO  [cid=none] o.s.b.w.s.c.ServletWebServerApplicationContext - Root WebApplicationContext: initialization completed in 12120 ms
2026-07-31 09:30:53.670 [main] INFO  [cid=none] o.h.jpa.internal.util.LogHelper - HHH000204: Processing PersistenceUnitInfo [name: default]
2026-07-31 09:30:54.100 [main] INFO  [cid=none] org.hibernate.Version - HHH000412: Hibernate ORM core version 6.5.3.Final
2026-07-31 09:30:54.312 [main] INFO  [cid=none] o.h.c.i.RegionFactoryInitiator - HHH000026: Second-level cache disabled
2026-07-31 09:30:55.730 [main] INFO  [cid=none] o.s.o.j.p.SpringPersistenceUnitInfo - No LoadTimeWeaver setup: ignoring JPA class transformer
2026-07-31 09:30:55.874 [main] INFO  [cid=none] com.zaxxer.hikari.HikariDataSource - HikariPool-1 - Starting...
2026-07-31 09:30:56.551 [main] INFO  [cid=none] com.zaxxer.hikari.pool.HikariPool - HikariPool-1 - Added connection com.mysql.cj.jdbc.ConnectionImpl@3d50a3d9
2026-07-31 09:30:56.561 [main] INFO  [cid=none] com.zaxxer.hikari.HikariDataSource - HikariPool-1 - Start completed.
2026-07-31 09:31:02.354 [main] INFO  [cid=none] o.h.e.t.j.p.i.JtaPlatformInitiator - HHH000489: No JTA platform available (set 'hibernate.transaction.jta.platform' to enable JTA platform integration)
2026-07-31 09:31:06.008 [main] INFO  [cid=none] o.s.o.j.LocalContainerEntityManagerFactoryBean - Initialized JPA EntityManagerFactory for persistence unit 'default'
2026-07-31 09:31:09.147 [main] INFO  [cid=none] o.s.d.j.r.query.QueryEnhancerFactory - Hibernate is in classpath; If applicable, HQL parser will be used.
2026-07-31 09:31:12.806 [main] INFO  [cid=none] c.m.b.service.KycStorageService - KYC storage root: C:\Users\2503700\OneDrive - Cognizant\Desktop\Microlend\uploads\kyc
2026-07-31 09:31:15.617 [main] WARN  [cid=none] o.s.b.a.s.s.UserDetailsServiceAutoConfiguration - 

Using generated security password: d1e06502-dc53-4f8a-936b-3265946205bd

This generated password is for development use only. Your security configuration must be updated before running your application in production.

2026-07-31 09:31:15.703 [main] INFO  [cid=none] o.s.s.c.a.a.c.InitializeUserDetailsBeanManagerConfigurer$InitializeUserDetailsManagerConfigurer - Global AuthenticationManager configured with UserDetailsService bean with name inMemoryUserDetailsManager
2026-07-31 09:31:18.464 [main] INFO  [cid=none] o.s.b.a.e.web.EndpointLinksResolver - Exposing 2 endpoints beneath base path '/actuator'
2026-07-31 09:31:21.549 [main] INFO  [cid=none] o.a.coyote.http11.Http11NioProtocol - Starting ProtocolHandler ["http-nio-8090"]
2026-07-31 09:31:21.662 [main] INFO  [cid=none] o.s.b.w.e.tomcat.TomcatWebServer - Tomcat started on port 8090 (http) with context path '/'
2026-07-31 09:31:21.751 [main] INFO  [cid=none] com.microlend.MicroLendApplication - Started MicroLendApplication in 44.438 seconds (process running for 45.493)
2026-07-31 09:31:23.543 [main] INFO  [cid=none] c.m.identity.bootstrap.DataSeeder - DataSeeder: created 6 seed users (default password redacted, forced reset on first login).
2026-07-31 09:33:20.319 [http-nio-8090-exec-1] INFO  [cid=none] o.a.c.c.C.[Tomcat].[localhost].[/] - Initializing Spring DispatcherServlet 'dispatcherServlet'
2026-07-31 09:33:20.320 [http-nio-8090-exec-1] INFO  [cid=none] o.s.web.servlet.DispatcherServlet - Initializing Servlet 'dispatcherServlet'
2026-07-31 09:33:20.327 [http-nio-8090-exec-1] INFO  [cid=none] o.s.web.servlet.DispatcherServlet - Completed initialization in 6 ms
2026-07-31 09:33:21.444 [http-nio-8090-exec-1] INFO  [cid=9866a545] c.m.audit.service.LocalAuditService - AUDIT module=AUTH action=LOGIN_FAILED userId=1
2026-07-31 09:33:25.674 [http-nio-8090-exec-2] INFO  [cid=74d4bb13] c.m.audit.service.LocalAuditService - AUDIT module=AUTH action=LOGIN_SUCCESS_FORCE_RESET userId=1
2026-07-31 09:33:40.236 [http-nio-8090-exec-3] INFO  [cid=3e00e735] c.m.audit.service.LocalAuditService - AUDIT module=AUTH action=PASSWORD_RESET_COMPLETED userId=1
2026-07-31 09:36:22.227 [http-nio-8090-exec-10] INFO  [cid=f97fbe7c] c.m.audit.service.LocalAuditService - AUDIT module=AUTH action=LOGIN_FAILED userId=null
2026-07-31 09:48:13.182 [SpringApplicationShutdownHook] INFO  [cid=none] o.s.o.j.LocalContainerEntityManagerFactoryBean - Closing JPA EntityManagerFactory for persistence unit 'default'
2026-07-31 09:48:13.194 [SpringApplicationShutdownHook] INFO  [cid=none] com.zaxxer.hikari.HikariDataSource - HikariPool-1 - Shutdown initiated...
2026-07-31 09:48:13.247 [SpringApplicationShutdownHook] INFO  [cid=none] com.zaxxer.hikari.HikariDataSource - HikariPool-1 - Shutdown completed.
2026-07-31 09:48:19.168 [background-preinit] INFO  [cid=none] o.h.validator.internal.util.Version - HV000001: Hibernate Validator 8.0.1.Final
2026-07-31 09:48:19.294 [main] INFO  [cid=none] com.microlend.MicroLendApplication - Starting MicroLendApplication using Java 21.0.2 with PID 2932 (C:\Users\2503700\OneDrive - Cognizant\Desktop\Microlend\backend\target\classes started by 2503700 in C:\Users\2503700\OneDrive - Cognizant\Desktop\Microlend)
2026-07-31 09:48:19.296 [main] INFO  [cid=none] com.microlend.MicroLendApplication - The following 1 profile is active: "dev"
2026-07-31 09:48:24.172 [main] INFO  [cid=none] o.s.d.r.c.RepositoryConfigurationDelegate - Bootstrapping Spring Data JPA repositories in DEFAULT mode.
2026-07-31 09:48:25.174 [main] INFO  [cid=none] o.s.d.r.c.RepositoryConfigurationDelegate - Finished Spring Data repository scanning in 940 ms. Found 18 JPA repository interfaces.
2026-07-31 09:48:31.059 [main] INFO  [cid=none] o.s.b.w.e.tomcat.TomcatWebServer - Tomcat initialized with port 8090 (http)
2026-07-31 09:48:31.109 [main] INFO  [cid=none] o.a.coyote.http11.Http11NioProtocol - Initializing ProtocolHandler ["http-nio-8090"]
2026-07-31 09:48:31.120 [main] INFO  [cid=none] o.a.catalina.core.StandardService - Starting service [Tomcat]
2026-07-31 09:48:31.120 [main] INFO  [cid=none] o.a.catalina.core.StandardEngine - Starting Servlet engine: [Apache Tomcat/10.1.31]
2026-07-31 09:48:31.398 [main] INFO  [cid=none] o.a.c.c.C.[Tomcat].[localhost].[/] - Initializing Spring embedded WebApplicationContext
2026-07-31 09:48:31.404 [main] INFO  [cid=none] o.s.b.w.s.c.ServletWebServerApplicationContext - Root WebApplicationContext: initialization completed in 11968 ms
2026-07-31 09:48:32.728 [main] INFO  [cid=none] o.h.jpa.internal.util.LogHelper - HHH000204: Processing PersistenceUnitInfo [name: default]
2026-07-31 09:48:33.149 [main] INFO  [cid=none] org.hibernate.Version - HHH000412: Hibernate ORM core version 6.5.3.Final
2026-07-31 09:48:33.357 [main] INFO  [cid=none] o.h.c.i.RegionFactoryInitiator - HHH000026: Second-level cache disabled
2026-07-31 09:48:34.550 [main] INFO  [cid=none] o.s.o.j.p.SpringPersistenceUnitInfo - No LoadTimeWeaver setup: ignoring JPA class transformer
2026-07-31 09:48:34.729 [main] INFO  [cid=none] com.zaxxer.hikari.HikariDataSource - HikariPool-1 - Starting...
2026-07-31 09:48:35.705 [main] INFO  [cid=none] com.zaxxer.hikari.pool.HikariPool - HikariPool-1 - Added connection com.mysql.cj.jdbc.ConnectionImpl@50ecef36
2026-07-31 09:48:35.715 [main] INFO  [cid=none] com.zaxxer.hikari.HikariDataSource - HikariPool-1 - Start completed.
2026-07-31 09:48:41.124 [main] INFO  [cid=none] o.h.e.t.j.p.i.JtaPlatformInitiator - HHH000489: No JTA platform available (set 'hibernate.transaction.jta.platform' to enable JTA platform integration)
2026-07-31 09:48:44.887 [main] INFO  [cid=none] o.s.o.j.LocalContainerEntityManagerFactoryBean - Initialized JPA EntityManagerFactory for persistence unit 'default'
2026-07-31 09:48:48.278 [main] INFO  [cid=none] o.s.d.j.r.query.QueryEnhancerFactory - Hibernate is in classpath; If applicable, HQL parser will be used.
2026-07-31 09:48:50.528 [main] INFO  [cid=none] c.m.b.service.KycStorageService - KYC storage root: C:\Users\2503700\OneDrive - Cognizant\Desktop\Microlend\uploads\kyc
2026-07-31 09:48:52.195 [main] WARN  [cid=none] o.s.b.a.s.s.UserDetailsServiceAutoConfiguration - 

Using generated security password: 1ab77d12-6ed1-44f8-930e-c36bf8d3ff31

This generated password is for development use only. Your security configuration must be updated before running your application in production.

2026-07-31 09:48:52.233 [main] INFO  [cid=none] o.s.s.c.a.a.c.InitializeUserDetailsBeanManagerConfigurer$InitializeUserDetailsManagerConfigurer - Global AuthenticationManager configured with UserDetailsService bean with name inMemoryUserDetailsManager
2026-07-31 09:48:53.895 [main] INFO  [cid=none] o.s.b.a.e.web.EndpointLinksResolver - Exposing 2 endpoints beneath base path '/actuator'
2026-07-31 09:48:56.165 [main] INFO  [cid=none] o.a.coyote.http11.Http11NioProtocol - Starting ProtocolHandler ["http-nio-8090"]
2026-07-31 09:48:56.225 [main] INFO  [cid=none] o.s.b.w.e.tomcat.TomcatWebServer - Tomcat started on port 8090 (http) with context path '/'
2026-07-31 09:48:56.274 [main] INFO  [cid=none] com.microlend.MicroLendApplication - Started MicroLendApplication in 38.274 seconds (process running for 39.672)
2026-07-31 09:48:57.156 [main] INFO  [cid=none] c.m.identity.bootstrap.DataSeeder - DataSeeder: created 6 seed users (default password redacted, forced reset on first login).
2026-07-31 09:49:54.223 [http-nio-8090-exec-1] INFO  [cid=none] o.a.c.c.C.[Tomcat].[localhost].[/] - Initializing Spring DispatcherServlet 'dispatcherServlet'
2026-07-31 09:49:54.224 [http-nio-8090-exec-1] INFO  [cid=none] o.s.web.servlet.DispatcherServlet - Initializing Servlet 'dispatcherServlet'
2026-07-31 09:49:54.232 [http-nio-8090-exec-1] INFO  [cid=none] o.s.web.servlet.DispatcherServlet - Completed initialization in 7 ms
2026-07-31 09:49:55.980 [http-nio-8090-exec-1] INFO  [cid=8dcae893] c.m.audit.service.LocalAuditService - AUDIT module=AUTH action=LOGIN_SUCCESS_FORCE_RESET userId=1
2026-07-31 09:50:08.852 [http-nio-8090-exec-2] INFO  [cid=bca7f471] c.m.audit.service.LocalAuditService - AUDIT module=AUTH action=PASSWORD_RESET_COMPLETED userId=1
2026-07-31 10:47:32.366 [HikariPool-1 housekeeper] WARN  [cid=none] com.zaxxer.hikari.pool.HikariPool - HikariPool-1 - Thread starvation or clock leap detected (housekeeper delta=33m2s784ms82µs600ns).
2026-07-31 11:09:43.855 [SpringApplicationShutdownHook] INFO  [cid=none] o.s.o.j.LocalContainerEntityManagerFactoryBean - Closing JPA EntityManagerFactory for persistence unit 'default'
2026-07-31 11:09:43.863 [SpringApplicationShutdownHook] INFO  [cid=none] com.zaxxer.hikari.HikariDataSource - HikariPool-1 - Shutdown initiated...
2026-07-31 11:09:43.879 [SpringApplicationShutdownHook] INFO  [cid=none] com.zaxxer.hikari.HikariDataSource - HikariPool-1 - Shutdown completed.
2026-08-02 19:19:40.471 [background-preinit] INFO  [cid=none] o.h.validator.internal.util.Version - HV000001: Hibernate Validator 8.0.1.Final
2026-08-02 19:19:40.589 [main] INFO  [cid=none] com.microlend.MicroLendApplication - Starting MicroLendApplication using Java 21 with PID 5080 (C:\Users\2503540\OneDrive - Cognizant\Desktop\Microlend\backend\target\classes started by 2503540 in C:\Users\2503540\OneDrive - Cognizant\Desktop\Microlend)
2026-08-02 19:19:40.591 [main] INFO  [cid=none] com.microlend.MicroLendApplication - The following 1 profile is active: "dev"
2026-08-02 19:19:44.906 [main] INFO  [cid=none] o.s.d.r.c.RepositoryConfigurationDelegate - Bootstrapping Spring Data JPA repositories in DEFAULT mode.
2026-08-02 19:19:45.387 [main] INFO  [cid=none] o.s.d.r.c.RepositoryConfigurationDelegate - Finished Spring Data repository scanning in 450 ms. Found 18 JPA repository interfaces.
2026-08-02 19:19:48.180 [main] INFO  [cid=none] o.s.b.w.e.tomcat.TomcatWebServer - Tomcat initialized with port 8090 (http)
2026-08-02 19:19:48.212 [main] INFO  [cid=none] o.a.coyote.http11.Http11NioProtocol - Initializing ProtocolHandler ["http-nio-8090"]
2026-08-02 19:19:48.224 [main] INFO  [cid=none] o.a.catalina.core.StandardService - Starting service [Tomcat]
2026-08-02 19:19:48.225 [main] INFO  [cid=none] o.a.catalina.core.StandardEngine - Starting Servlet engine: [Apache Tomcat/10.1.31]
2026-08-02 19:19:48.441 [main] INFO  [cid=none] o.a.c.c.C.[Tomcat].[localhost].[/] - Initializing Spring embedded WebApplicationContext
2026-08-02 19:19:48.445 [main] INFO  [cid=none] o.s.b.w.s.c.ServletWebServerApplicationContext - Root WebApplicationContext: initialization completed in 7683 ms
2026-08-02 19:19:49.559 [main] INFO  [cid=none] o.h.jpa.internal.util.LogHelper - HHH000204: Processing PersistenceUnitInfo [name: default]
2026-08-02 19:19:49.727 [main] INFO  [cid=none] org.hibernate.Version - HHH000412: Hibernate ORM core version 6.5.3.Final
2026-08-02 19:19:49.830 [main] INFO  [cid=none] o.h.c.i.RegionFactoryInitiator - HHH000026: Second-level cache disabled
2026-08-02 19:19:50.684 [main] INFO  [cid=none] o.s.o.j.p.SpringPersistenceUnitInfo - No LoadTimeWeaver setup: ignoring JPA class transformer
2026-08-02 19:19:50.766 [main] INFO  [cid=none] com.zaxxer.hikari.HikariDataSource - HikariPool-1 - Starting...
2026-08-02 19:19:51.168 [main] INFO  [cid=none] com.zaxxer.hikari.pool.HikariPool - HikariPool-1 - Added connection com.mysql.cj.jdbc.ConnectionImpl@442310fd
2026-08-02 19:19:51.173 [main] INFO  [cid=none] com.zaxxer.hikari.HikariDataSource - HikariPool-1 - Start completed.
2026-08-02 19:19:54.528 [main] INFO  [cid=none] o.h.e.t.j.p.i.JtaPlatformInitiator - HHH000489: No JTA platform available (set 'hibernate.transaction.jta.platform' to enable JTA platform integration)
2026-08-02 19:19:55.841 [main] INFO  [cid=none] o.s.o.j.LocalContainerEntityManagerFactoryBean - Initialized JPA EntityManagerFactory for persistence unit 'default'
2026-08-02 19:19:58.135 [main] INFO  [cid=none] o.s.d.j.r.query.QueryEnhancerFactory - Hibernate is in classpath; If applicable, HQL parser will be used.
2026-08-02 19:20:00.679 [main] INFO  [cid=none] c.m.b.service.KycStorageServiceImpl - KYC storage root: C:\Users\2503540\OneDrive - Cognizant\Desktop\Microlend\uploads\kyc
2026-08-02 19:20:02.524 [main] WARN  [cid=none] o.s.b.a.s.s.UserDetailsServiceAutoConfiguration - 

Using generated security password: a16ba4e3-b07c-45b9-b6e7-213959406f98

This generated password is for development use only. Your security configuration must be updated before running your application in production.

2026-08-02 19:20:02.548 [main] INFO  [cid=none] o.s.s.c.a.a.c.InitializeUserDetailsBeanManagerConfigurer$InitializeUserDetailsManagerConfigurer - Global AuthenticationManager configured with UserDetailsService bean with name inMemoryUserDetailsManager
2026-08-02 19:20:04.058 [main] INFO  [cid=none] o.s.b.a.e.web.EndpointLinksResolver - Exposing 2 endpoints beneath base path '/actuator'
2026-08-02 19:20:05.871 [main] INFO  [cid=none] o.a.coyote.http11.Http11NioProtocol - Starting ProtocolHandler ["http-nio-8090"]
2026-08-02 19:20:05.927 [main] INFO  [cid=none] o.s.b.w.e.tomcat.TomcatWebServer - Tomcat started on port 8090 (http) with context path '/'
2026-08-02 19:20:05.973 [main] INFO  [cid=none] com.microlend.MicroLendApplication - Started MicroLendApplication in 26.681 seconds (process running for 27.814)
2026-08-02 19:20:06.890 [main] INFO  [cid=none] c.m.identity.bootstrap.DataSeeder - DataSeeder: seed users already present, nothing to create.
2026-08-02 19:21:34.846 [http-nio-8090-exec-1] INFO  [cid=none] o.a.c.c.C.[Tomcat].[localhost].[/] - Initializing Spring DispatcherServlet 'dispatcherServlet'
2026-08-02 19:21:34.846 [http-nio-8090-exec-1] INFO  [cid=none] o.s.web.servlet.DispatcherServlet - Initializing Servlet 'dispatcherServlet'
2026-08-02 19:21:34.855 [http-nio-8090-exec-1] INFO  [cid=none] o.s.web.servlet.DispatcherServlet - Completed initialization in 0 ms
2026-08-02 19:23:23.660 [http-nio-8090-exec-10] INFO  [cid=494e8e2c] c.m.audit.service.LocalAuditService - AUDIT module=BORROWER action=BORROWER_REGISTERED userId=2
2026-08-02 19:26:21.070 [SpringApplicationShutdownHook] INFO  [cid=none] o.s.o.j.LocalContainerEntityManagerFactoryBean - Closing JPA EntityManagerFactory for persistence unit 'default'
2026-08-02 19:26:21.094 [SpringApplicationShutdownHook] INFO  [cid=none] com.zaxxer.hikari.HikariDataSource - HikariPool-1 - Shutdown initiated...
2026-08-02 19:26:21.123 [SpringApplicationShutdownHook] INFO  [cid=none] com.zaxxer.hikari.HikariDataSource - HikariPool-1 - Shutdown completed.
2026-08-02 19:49:07.845 [background-preinit] INFO  [cid=none] o.h.validator.internal.util.Version - HV000001: Hibernate Validator 8.0.1.Final
2026-08-02 19:49:07.942 [main] INFO  [cid=none] com.microlend.MicroLendApplication - Starting MicroLendApplication using Java 21 with PID 5672 (C:\Users\2503540\OneDrive - Cognizant\Desktop\Microlend\backend\target\classes started by 2503540 in C:\Users\2503540\OneDrive - Cognizant\Desktop\Microlend)
2026-08-02 19:49:07.943 [main] INFO  [cid=none] com.microlend.MicroLendApplication - The following 1 profile is active: "dev"
2026-08-02 19:49:10.680 [main] INFO  [cid=none] o.s.d.r.c.RepositoryConfigurationDelegate - Bootstrapping Spring Data JPA repositories in DEFAULT mode.
2026-08-02 19:49:11.090 [main] INFO  [cid=none] o.s.d.r.c.RepositoryConfigurationDelegate - Finished Spring Data repository scanning in 389 ms. Found 18 JPA repository interfaces.
2026-08-02 19:49:12.898 [main] INFO  [cid=none] o.s.b.w.e.tomcat.TomcatWebServer - Tomcat initialized with port 8090 (http)
2026-08-02 19:49:12.932 [main] INFO  [cid=none] o.a.coyote.http11.Http11NioProtocol - Initializing ProtocolHandler ["http-nio-8090"]
2026-08-02 19:49:12.943 [main] INFO  [cid=none] o.a.catalina.core.StandardService - Starting service [Tomcat]
2026-08-02 19:49:12.943 [main] INFO  [cid=none] o.a.catalina.core.StandardEngine - Starting Servlet engine: [Apache Tomcat/10.1.31]
2026-08-02 19:49:13.107 [main] INFO  [cid=none] o.a.c.c.C.[Tomcat].[localhost].[/] - Initializing Spring embedded WebApplicationContext
2026-08-02 19:49:13.110 [main] INFO  [cid=none] o.s.b.w.s.c.ServletWebServerApplicationContext - Root WebApplicationContext: initialization completed in 5063 ms
2026-08-02 19:49:14.006 [main] INFO  [cid=none] o.h.jpa.internal.util.LogHelper - HHH000204: Processing PersistenceUnitInfo [name: default]
2026-08-02 19:49:14.277 [main] INFO  [cid=none] org.hibernate.Version - HHH000412: Hibernate ORM core version 6.5.3.Final
2026-08-02 19:49:14.363 [main] INFO  [cid=none] o.h.c.i.RegionFactoryInitiator - HHH000026: Second-level cache disabled
2026-08-02 19:49:14.819 [main] INFO  [cid=none] o.s.o.j.p.SpringPersistenceUnitInfo - No LoadTimeWeaver setup: ignoring JPA class transformer
2026-08-02 19:49:14.872 [main] INFO  [cid=none] com.zaxxer.hikari.HikariDataSource - HikariPool-1 - Starting...
2026-08-02 19:49:15.185 [main] INFO  [cid=none] com.zaxxer.hikari.pool.HikariPool - HikariPool-1 - Added connection com.mysql.cj.jdbc.ConnectionImpl@56a9b662
2026-08-02 19:49:15.187 [main] INFO  [cid=none] com.zaxxer.hikari.HikariDataSource - HikariPool-1 - Start completed.
2026-08-02 19:49:17.378 [main] INFO  [cid=none] o.h.e.t.j.p.i.JtaPlatformInitiator - HHH000489: No JTA platform available (set 'hibernate.transaction.jta.platform' to enable JTA platform integration)
2026-08-02 19:49:18.303 [main] INFO  [cid=none] o.s.o.j.LocalContainerEntityManagerFactoryBean - Initialized JPA EntityManagerFactory for persistence unit 'default'
2026-08-02 19:49:19.588 [main] INFO  [cid=none] o.s.d.j.r.query.QueryEnhancerFactory - Hibernate is in classpath; If applicable, HQL parser will be used.
2026-08-02 19:49:21.129 [main] INFO  [cid=none] c.m.b.service.KycStorageServiceImpl - KYC storage root: C:\Users\2503540\OneDrive - Cognizant\Desktop\Microlend\uploads\kyc
2026-08-02 19:49:22.237 [main] WARN  [cid=none] o.s.b.a.s.s.UserDetailsServiceAutoConfiguration - 

Using generated security password: d8d324ee-fd81-428b-8d15-b686cd28306b

This generated password is for development use only. Your security configuration must be updated before running your application in production.

2026-08-02 19:49:22.255 [main] INFO  [cid=none] o.s.s.c.a.a.c.InitializeUserDetailsBeanManagerConfigurer$InitializeUserDetailsManagerConfigurer - Global AuthenticationManager configured with UserDetailsService bean with name inMemoryUserDetailsManager
2026-08-02 19:49:23.095 [main] INFO  [cid=none] o.s.b.a.e.web.EndpointLinksResolver - Exposing 2 endpoints beneath base path '/actuator'
2026-08-02 19:49:24.158 [main] INFO  [cid=none] o.a.coyote.http11.Http11NioProtocol - Starting ProtocolHandler ["http-nio-8090"]
2026-08-02 19:49:24.187 [main] INFO  [cid=none] o.s.b.w.e.tomcat.TomcatWebServer - Tomcat started on port 8090 (http) with context path '/'
2026-08-02 19:49:24.213 [main] INFO  [cid=none] com.microlend.MicroLendApplication - Started MicroLendApplication in 17.376 seconds (process running for 18.117)
2026-08-02 19:49:24.593 [main] INFO  [cid=none] c.m.identity.bootstrap.DataSeeder - DataSeeder: seed users already present, nothing to create.
2026-08-02 19:49:43.886 [http-nio-8090-exec-1] INFO  [cid=none] o.a.c.c.C.[Tomcat].[localhost].[/] - Initializing Spring DispatcherServlet 'dispatcherServlet'
2026-08-02 19:49:43.886 [http-nio-8090-exec-1] INFO  [cid=none] o.s.web.servlet.DispatcherServlet - Initializing Servlet 'dispatcherServlet'
2026-08-02 19:49:43.898 [http-nio-8090-exec-1] INFO  [cid=none] o.s.web.servlet.DispatcherServlet - Completed initialization in 12 ms
2026-08-02 19:50:28.692 [http-nio-8090-exec-3] INFO  [cid=07d2c59c] c.m.audit.service.LocalAuditService - AUDIT module=AUTH action=LOGIN_SUCCESS userId=1
2026-08-02 19:50:32.387 [http-nio-8090-exec-2] INFO  [cid=6369e300] c.m.audit.service.LocalAuditService - AUDIT module=DELINQUENCY action=DELINQUENCY_CASE_OPENED userId=null
2026-08-02 19:50:32.418 [http-nio-8090-exec-2] INFO  [cid=6369e300] c.m.n.s.LocalNotificationService - NOTIFY user=4 category=DELINQUENCY entity=DelinquencyCase:1
2026-08-02 19:50:32.466 [http-nio-8090-exec-2] INFO  [cid=6369e300] c.m.audit.service.LocalAuditService - AUDIT module=DELINQUENCY action=DELINQUENCY_CASE_OPENED userId=null
2026-08-02 19:50:32.484 [http-nio-8090-exec-2] INFO  [cid=6369e300] c.m.n.s.LocalNotificationService - NOTIFY user=4 category=DELINQUENCY entity=DelinquencyCase:2
2026-08-02 19:50:32.518 [http-nio-8090-exec-2] INFO  [cid=6369e300] c.m.audit.service.LocalAuditService - AUDIT module=DELINQUENCY action=DELINQUENCY_CASE_OPENED userId=null
2026-08-02 19:50:32.551 [http-nio-8090-exec-2] INFO  [cid=6369e300] c.m.n.s.LocalNotificationService - NOTIFY user=4 category=DELINQUENCY entity=DelinquencyCase:3
2026-08-02 19:50:32.584 [http-nio-8090-exec-2] INFO  [cid=6369e300] c.m.audit.service.LocalAuditService - AUDIT module=DELINQUENCY action=DELINQUENCY_CASE_OPENED userId=null
2026-08-02 19:50:32.618 [http-nio-8090-exec-2] INFO  [cid=6369e300] c.m.n.s.LocalNotificationService - NOTIFY user=4 category=DELINQUENCY entity=DelinquencyCase:4
2026-08-02 19:50:32.638 [http-nio-8090-exec-2] INFO  [cid=6369e300] c.m.audit.service.LocalAuditService - AUDIT module=DELINQUENCY action=DELINQUENCY_SCAN userId=1
2026-08-02 19:50:32.652 [http-nio-8090-exec-2] INFO  [cid=6369e300] c.m.d.service.DelinquencyServiceImpl - Delinquency scan complete: ScanResultResponse[installmentsMarkedOverdue=4, accountsScanned=4, casesOpened=4, casesUpdated=0, casesResolved=0]
2026-08-02 19:50:32.676 [http-nio-8090-exec-2] INFO  [cid=6369e300] c.m.audit.service.LocalAuditService - AUDIT module=DELINQUENCY action=DELINQUENCY_DEMO_SEED userId=1
2026-08-02 19:50:35.586 [http-nio-8090-exec-3] INFO  [cid=6429efe5] c.m.audit.service.LocalAuditService - AUDIT module=DELINQUENCY action=DELINQUENCY_SCAN userId=1
2026-08-02 19:50:35.603 [http-nio-8090-exec-3] INFO  [cid=6429efe5] c.m.d.service.DelinquencyServiceImpl - Delinquency scan complete: ScanResultResponse[installmentsMarkedOverdue=0, accountsScanned=4, casesOpened=0, casesUpdated=0, casesResolved=0]
2026-08-02 19:50:37.491 [http-nio-8090-exec-4] INFO  [cid=c613b4f2] c.m.audit.service.LocalAuditService - AUDIT module=DELINQUENCY action=DELINQUENCY_SCAN userId=1
2026-08-02 19:50:37.503 [http-nio-8090-exec-4] INFO  [cid=c613b4f2] c.m.d.service.DelinquencyServiceImpl - Delinquency scan complete: ScanResultResponse[installmentsMarkedOverdue=0, accountsScanned=4, casesOpened=0, casesUpdated=0, casesResolved=0]
2026-08-02 19:50:42.567 [http-nio-8090-exec-8] INFO  [cid=75e36d1e] c.m.audit.service.LocalAuditService - AUDIT module=AUTH action=LOGIN_FAILED userId=null
2026-08-02 19:50:48.300 [http-nio-8090-exec-5] INFO  [cid=ab9a31cf] c.m.audit.service.LocalAuditService - AUDIT module=AUTH action=LOGIN_FAILED userId=4
2026-08-02 19:50:52.050 [http-nio-8090-exec-7] INFO  [cid=3a4988e6] c.m.audit.service.LocalAuditService - AUDIT module=AUTH action=LOGIN_SUCCESS_FORCE_RESET userId=4
2026-08-02 19:51:02.970 [http-nio-8090-exec-10] INFO  [cid=4cfb7f7d] c.m.audit.service.LocalAuditService - AUDIT module=AUTH action=PASSWORD_RESET_COMPLETED userId=4
2026-08-02 19:51:47.918 [http-nio-8090-exec-7] INFO  [cid=9b2bd6f8] c.m.audit.service.LocalAuditService - AUDIT module=AUTH action=LOGIN_SUCCESS userId=4
2026-08-02 19:52:08.354 [http-nio-8090-exec-7] INFO  [cid=7a3f7bbf] c.m.audit.service.LocalAuditService - AUDIT module=DELINQUENCY action=DELINQUENCY_CASE_ASSIGNED userId=4
2026-08-02 19:52:08.370 [http-nio-8090-exec-7] INFO  [cid=7a3f7bbf] c.m.n.s.LocalNotificationService - NOTIFY user=5 category=ASSIGNMENT entity=DelinquencyCase:1
2026-08-02 19:52:24.128 [http-nio-8090-exec-6] INFO  [cid=92a0944f] c.m.audit.service.LocalAuditService - AUDIT module=AUTH action=LOGIN_SUCCESS_FORCE_RESET userId=5
2026-08-02 19:52:36.237 [http-nio-8090-exec-4] INFO  [cid=cad46843] c.m.audit.service.LocalAuditService - AUDIT module=AUTH action=PASSWORD_RESET_COMPLETED userId=5
2026-08-02 19:55:02.510 [http-nio-8090-exec-8] INFO  [cid=0d87646f] c.m.audit.service.LocalAuditService - AUDIT module=AUTH action=LOGIN_FAILED userId=null
2026-08-02 19:55:09.442 [http-nio-8090-exec-10] INFO  [cid=1cd45b34] c.m.audit.service.LocalAuditService - AUDIT module=AUTH action=LOGIN_SUCCESS userId=2
2026-08-02 19:56:44.952 [SpringApplicationShutdownHook] INFO  [cid=none] o.s.o.j.LocalContainerEntityManagerFactoryBean - Closing JPA EntityManagerFactory for persistence unit 'default'
2026-08-02 19:56:44.976 [SpringApplicationShutdownHook] INFO  [cid=none] com.zaxxer.hikari.HikariDataSource - HikariPool-1 - Shutdown initiated...
2026-08-02 19:56:44.993 [SpringApplicationShutdownHook] INFO  [cid=none] com.zaxxer.hikari.HikariDataSource - HikariPool-1 - Shutdown completed.
2026-08-02 20:11:18.877 [background-preinit] INFO  [cid=none] o.h.validator.internal.util.Version - HV000001: Hibernate Validator 8.0.1.Final
2026-08-02 20:11:19.005 [main] INFO  [cid=none] com.microlend.MicroLendApplication - Starting MicroLendApplication using Java 21 with PID 25208 (C:\Users\2503540\OneDrive - Cognizant\Desktop\Microlend\backend\target\classes started by 2503540 in C:\Users\2503540\OneDrive - Cognizant\Desktop\Microlend)
2026-08-02 20:11:19.008 [main] INFO  [cid=none] com.microlend.MicroLendApplication - The following 1 profile is active: "dev"
2026-08-02 20:11:22.492 [main] INFO  [cid=none] o.s.d.r.c.RepositoryConfigurationDelegate - Bootstrapping Spring Data JPA repositories in DEFAULT mode.
2026-08-02 20:11:22.960 [main] INFO  [cid=none] o.s.d.r.c.RepositoryConfigurationDelegate - Finished Spring Data repository scanning in 413 ms. Found 18 JPA repository interfaces.
2026-08-02 20:11:26.514 [main] INFO  [cid=none] o.s.b.w.e.tomcat.TomcatWebServer - Tomcat initialized with port 8090 (http)
2026-08-02 20:11:26.549 [main] INFO  [cid=none] o.a.coyote.http11.Http11NioProtocol - Initializing ProtocolHandler ["http-nio-8090"]
2026-08-02 20:11:26.560 [main] INFO  [cid=none] o.a.catalina.core.StandardService - Starting service [Tomcat]
2026-08-02 20:11:26.561 [main] INFO  [cid=none] o.a.catalina.core.StandardEngine - Starting Servlet engine: [Apache Tomcat/10.1.31]
2026-08-02 20:11:26.806 [main] INFO  [cid=none] o.a.c.c.C.[Tomcat].[localhost].[/] - Initializing Spring embedded WebApplicationContext
2026-08-02 20:11:26.808 [main] INFO  [cid=none] o.s.b.w.s.c.ServletWebServerApplicationContext - Root WebApplicationContext: initialization completed in 7622 ms
2026-08-02 20:11:28.287 [main] INFO  [cid=none] o.h.jpa.internal.util.LogHelper - HHH000204: Processing PersistenceUnitInfo [name: default]
2026-08-02 20:11:28.748 [main] INFO  [cid=none] org.hibernate.Version - HHH000412: Hibernate ORM core version 6.5.3.Final
2026-08-02 20:11:28.874 [main] INFO  [cid=none] o.h.c.i.RegionFactoryInitiator - HHH000026: Second-level cache disabled
2026-08-02 20:11:29.806 [main] INFO  [cid=none] o.s.o.j.p.SpringPersistenceUnitInfo - No LoadTimeWeaver setup: ignoring JPA class transformer
2026-08-02 20:11:29.897 [main] INFO  [cid=none] com.zaxxer.hikari.HikariDataSource - HikariPool-1 - Starting...
2026-08-02 20:11:30.330 [main] INFO  [cid=none] com.zaxxer.hikari.pool.HikariPool - HikariPool-1 - Added connection com.mysql.cj.jdbc.ConnectionImpl@178ba69f
2026-08-02 20:11:30.337 [main] INFO  [cid=none] com.zaxxer.hikari.HikariDataSource - HikariPool-1 - Start completed.
2026-08-02 20:11:33.829 [main] INFO  [cid=none] o.h.e.t.j.p.i.JtaPlatformInitiator - HHH000489: No JTA platform available (set 'hibernate.transaction.jta.platform' to enable JTA platform integration)
2026-08-02 20:11:35.239 [main] INFO  [cid=none] o.s.o.j.LocalContainerEntityManagerFactoryBean - Initialized JPA EntityManagerFactory for persistence unit 'default'
2026-08-02 20:11:37.307 [main] INFO  [cid=none] o.s.d.j.r.query.QueryEnhancerFactory - Hibernate is in classpath; If applicable, HQL parser will be used.
2026-08-02 20:11:38.985 [main] INFO  [cid=none] c.m.b.service.KycStorageServiceImpl - KYC storage root: C:\Users\2503540\OneDrive - Cognizant\Desktop\Microlend\uploads\kyc
2026-08-02 20:11:40.378 [main] WARN  [cid=none] o.s.b.a.s.s.UserDetailsServiceAutoConfiguration - 

Using generated security password: ce86063a-acaa-438c-a69c-503adfcdda96

This generated password is for development use only. Your security configuration must be updated before running your application in production.

2026-08-02 20:11:40.396 [main] INFO  [cid=none] o.s.s.c.a.a.c.InitializeUserDetailsBeanManagerConfigurer$InitializeUserDetailsManagerConfigurer - Global AuthenticationManager configured with UserDetailsService bean with name inMemoryUserDetailsManager
2026-08-02 20:11:41.788 [main] INFO  [cid=none] o.s.b.a.e.web.EndpointLinksResolver - Exposing 2 endpoints beneath base path '/actuator'
2026-08-02 20:11:43.582 [main] INFO  [cid=none] o.a.coyote.http11.Http11NioProtocol - Starting ProtocolHandler ["http-nio-8090"]
2026-08-02 20:11:43.676 [main] INFO  [cid=none] o.s.b.w.e.tomcat.TomcatWebServer - Tomcat started on port 8090 (http) with context path '/'
2026-08-02 20:11:43.716 [main] INFO  [cid=none] com.microlend.MicroLendApplication - Started MicroLendApplication in 25.908 seconds (process running for 26.797)
2026-08-02 20:11:44.314 [main] INFO  [cid=none] c.m.identity.bootstrap.DataSeeder - DataSeeder: seed users already present, nothing to create.
2026-08-02 20:12:15.558 [http-nio-8090-exec-2] INFO  [cid=none] o.a.c.c.C.[Tomcat].[localhost].[/] - Initializing Spring DispatcherServlet 'dispatcherServlet'
2026-08-02 20:12:15.558 [http-nio-8090-exec-2] INFO  [cid=none] o.s.web.servlet.DispatcherServlet - Initializing Servlet 'dispatcherServlet'
2026-08-02 20:12:15.569 [http-nio-8090-exec-2] INFO  [cid=none] o.s.web.servlet.DispatcherServlet - Completed initialization in 11 ms
2026-08-02 20:13:25.225 [http-nio-8090-exec-4] INFO  [cid=02e77e08] c.m.audit.service.LocalAuditService - AUDIT module=GROUP action=GROUP_UPDATED userId=2
2026-08-02 20:13:29.938 [http-nio-8090-exec-7] INFO  [cid=d80b249f] c.m.audit.service.LocalAuditService - AUDIT module=GROUP action=GROUP_DELETED userId=2
2026-08-02 20:13:44.469 [http-nio-8090-exec-6] INFO  [cid=adbadac3] c.m.audit.service.LocalAuditService - AUDIT module=CENTRE action=CENTRE_UPDATED userId=2
2026-08-02 20:15:29.588 [SpringApplicationShutdownHook] INFO  [cid=none] o.s.o.j.LocalContainerEntityManagerFactoryBean - Closing JPA EntityManagerFactory for persistence unit 'default'
2026-08-02 20:15:29.611 [SpringApplicationShutdownHook] INFO  [cid=none] com.zaxxer.hikari.HikariDataSource - HikariPool-1 - Shutdown initiated...
2026-08-02 20:15:29.627 [SpringApplicationShutdownHook] INFO  [cid=none] com.zaxxer.hikari.HikariDataSource - HikariPool-1 - Shutdown completed.
