2026-07-24 09:31:50.025 [background-preinit] INFO  [cid=none] o.h.validator.internal.util.Version - HV000001: Hibernate Validator 8.0.1.Final
2026-07-24 09:31:50.193 [main] INFO  [cid=none] com.microlend.MicroLendApplication - Starting MicroLendApplication using Java 21.0.2 with PID 11156 (C:\Users\2503700\OneDrive - Cognizant\Desktop\Microlend\backend\target\classes started by 2503700 in C:\Users\2503700\OneDrive - Cognizant\Desktop\Microlend)
2026-07-24 09:31:50.196 [main] INFO  [cid=none] com.microlend.MicroLendApplication - The following 1 profile is active: "dev"
2026-07-24 09:31:55.011 [main] INFO  [cid=none] o.s.d.r.c.RepositoryConfigurationDelegate - Bootstrapping Spring Data JPA repositories in DEFAULT mode.
2026-07-24 09:31:55.464 [main] INFO  [cid=none] o.s.d.r.c.RepositoryConfigurationDelegate - Finished Spring Data repository scanning in 370 ms. Found 18 JPA repository interfaces.
2026-07-24 09:31:59.195 [main] INFO  [cid=none] o.s.b.w.e.tomcat.TomcatWebServer - Tomcat initialized with port 8090 (http)
2026-07-24 09:31:59.259 [main] INFO  [cid=none] o.a.coyote.http11.Http11NioProtocol - Initializing ProtocolHandler ["http-nio-8090"]
2026-07-24 09:31:59.275 [main] INFO  [cid=none] o.a.catalina.core.StandardService - Starting service [Tomcat]
2026-07-24 09:31:59.277 [main] INFO  [cid=none] o.a.catalina.core.StandardEngine - Starting Servlet engine: [Apache Tomcat/10.1.31]
2026-07-24 09:31:59.555 [main] INFO  [cid=none] o.a.c.c.C.[Tomcat].[localhost].[/] - Initializing Spring embedded WebApplicationContext
2026-07-24 09:31:59.557 [main] INFO  [cid=none] o.s.b.w.s.c.ServletWebServerApplicationContext - Root WebApplicationContext: initialization completed in 9204 ms
2026-07-24 09:32:01.309 [main] INFO  [cid=none] o.h.jpa.internal.util.LogHelper - HHH000204: Processing PersistenceUnitInfo [name: default]
2026-07-24 09:32:01.570 [main] INFO  [cid=none] org.hibernate.Version - HHH000412: Hibernate ORM core version 6.5.3.Final
2026-07-24 09:32:01.763 [main] INFO  [cid=none] o.h.c.i.RegionFactoryInitiator - HHH000026: Second-level cache disabled
2026-07-24 09:32:02.988 [main] INFO  [cid=none] o.s.o.j.p.SpringPersistenceUnitInfo - No LoadTimeWeaver setup: ignoring JPA class transformer
2026-07-24 09:32:03.099 [main] INFO  [cid=none] com.zaxxer.hikari.HikariDataSource - HikariPool-1 - Starting...
2026-07-24 09:32:03.754 [main] INFO  [cid=none] com.zaxxer.hikari.pool.HikariPool - HikariPool-1 - Added connection com.mysql.cj.jdbc.ConnectionImpl@8dbf0f2
2026-07-24 09:32:03.758 [main] INFO  [cid=none] com.zaxxer.hikari.HikariDataSource - HikariPool-1 - Start completed.
2026-07-24 09:32:08.229 [main] INFO  [cid=none] o.h.e.t.j.p.i.JtaPlatformInitiator - HHH000489: No JTA platform available (set 'hibernate.transaction.jta.platform' to enable JTA platform integration)
2026-07-24 09:32:09.549 [main] INFO  [cid=none] o.s.o.j.LocalContainerEntityManagerFactoryBean - Initialized JPA EntityManagerFactory for persistence unit 'default'
2026-07-24 09:32:13.070 [main] INFO  [cid=none] o.s.d.j.r.query.QueryEnhancerFactory - Hibernate is in classpath; If applicable, HQL parser will be used.
2026-07-24 09:32:16.203 [main] INFO  [cid=none] c.m.b.service.KycStorageService - KYC storage root: C:\Users\2503700\OneDrive - Cognizant\Desktop\Microlend\uploads\kyc
2026-07-24 09:32:18.410 [main] WARN  [cid=none] o.s.b.a.s.s.UserDetailsServiceAutoConfiguration - 

Using generated security password: 45620ea8-93f4-42cf-b882-ce7f7eeb9482

This generated password is for development use only. Your security configuration must be updated before running your application in production.

2026-07-24 09:32:18.451 [main] INFO  [cid=none] o.s.s.c.a.a.c.InitializeUserDetailsBeanManagerConfigurer$InitializeUserDetailsManagerConfigurer - Global AuthenticationManager configured with UserDetailsService bean with name inMemoryUserDetailsManager
2026-07-24 09:32:21.488 [main] INFO  [cid=none] o.s.b.a.e.web.EndpointLinksResolver - Exposing 2 endpoints beneath base path '/actuator'
2026-07-24 09:32:24.901 [main] INFO  [cid=none] o.a.coyote.http11.Http11NioProtocol - Starting ProtocolHandler ["http-nio-8090"]
2026-07-24 09:32:25.033 [main] INFO  [cid=none] o.s.b.w.e.tomcat.TomcatWebServer - Tomcat started on port 8090 (http) with context path '/'
2026-07-24 09:32:25.105 [main] INFO  [cid=none] com.microlend.MicroLendApplication - Started MicroLendApplication in 36.465 seconds (process running for 37.668)
2026-07-24 09:32:26.548 [main] INFO  [cid=none] c.m.identity.bootstrap.DataSeeder - DataSeeder: seed users already present, nothing to create.
2026-07-24 09:34:54.178 [http-nio-8090-exec-1] INFO  [cid=none] o.a.c.c.C.[Tomcat].[localhost].[/] - Initializing Spring DispatcherServlet 'dispatcherServlet'
2026-07-24 09:34:54.179 [http-nio-8090-exec-1] INFO  [cid=none] o.s.web.servlet.DispatcherServlet - Initializing Servlet 'dispatcherServlet'
2026-07-24 09:34:54.183 [http-nio-8090-exec-1] INFO  [cid=none] o.s.web.servlet.DispatcherServlet - Completed initialization in 3 ms
2026-07-24 09:34:54.974 [http-nio-8090-exec-1] WARN  [cid=99346605] c.m.i.s.JwtAuthenticationFilter - Rejected JWT: JWT expired 16598970 milliseconds ago at 2026-07-23T23:28:16.000Z. Current time: 2026-07-24T04:04:54.970Z. Allowed clock skew: 0 milliseconds.
2026-07-24 09:34:55.201 [http-nio-8090-exec-2] WARN  [cid=ce607e68] c.m.i.s.JwtAuthenticationFilter - Rejected JWT: JWT expired 16599200 milliseconds ago at 2026-07-23T23:28:16.000Z. Current time: 2026-07-24T04:04:55.200Z. Allowed clock skew: 0 milliseconds.
2026-07-24 09:37:23.425 [http-nio-8090-exec-4] INFO  [cid=e044eddc] c.m.audit.service.LocalAuditService - AUDIT module=AUTH action=LOGIN_SUCCESS userId=2
2026-07-24 09:38:43.920 [http-nio-8090-exec-7] INFO  [cid=3ca805a8] c.m.audit.service.LocalAuditService - AUDIT module=AUTH action=LOGIN_FAILED userId=null
2026-07-24 09:47:51.208 [http-nio-8090-exec-9] INFO  [cid=517c617d] c.m.audit.service.LocalAuditService - AUDIT module=AUTH action=LOGIN_SUCCESS userId=2
2026-07-24 09:55:45.983 [http-nio-8090-exec-5] INFO  [cid=94f93585] c.m.audit.service.LocalAuditService - AUDIT module=AUTH action=LOGIN_SUCCESS userId=2
2026-07-24 10:02:47.570 [http-nio-8090-exec-9] INFO  [cid=851fb1b2] c.m.audit.service.LocalAuditService - AUDIT module=AUTH action=LOGIN_SUCCESS userId=2
2026-07-24 10:23:52.024 [HikariPool-1 housekeeper] WARN  [cid=none] com.zaxxer.hikari.pool.HikariPool - HikariPool-1 - Thread starvation or clock leap detected (housekeeper delta=4m18s109ms221µs800ns).
2026-07-24 10:53:03.306 [http-nio-8090-exec-7] INFO  [cid=db9da69a] c.m.audit.service.LocalAuditService - AUDIT module=AUTH action=LOGIN_SUCCESS userId=2
2026-07-24 11:06:20.270 [SpringApplicationShutdownHook] INFO  [cid=none] o.s.o.j.LocalContainerEntityManagerFactoryBean - Closing JPA EntityManagerFactory for persistence unit 'default'
2026-07-24 11:06:20.287 [SpringApplicationShutdownHook] INFO  [cid=none] com.zaxxer.hikari.HikariDataSource - HikariPool-1 - Shutdown initiated...
2026-07-24 11:06:20.304 [SpringApplicationShutdownHook] INFO  [cid=none] com.zaxxer.hikari.HikariDataSource - HikariPool-1 - Shutdown completed.
2026-07-24 14:56:12.205 [background-preinit] INFO  [cid=none] o.h.validator.internal.util.Version - HV000001: Hibernate Validator 8.0.1.Final
2026-07-24 14:56:12.285 [main] INFO  [cid=none] com.microlend.MicroLendApplication - Starting MicroLendApplication using Java 21.0.2 with PID 17544 (C:\Users\2503700\OneDrive - Cognizant\Desktop\Microlend\backend\target\classes started by 2503700 in C:\Users\2503700\OneDrive - Cognizant\Desktop\Microlend)
2026-07-24 14:56:12.287 [main] INFO  [cid=none] com.microlend.MicroLendApplication - The following 1 profile is active: "dev"
2026-07-24 14:56:16.001 [main] INFO  [cid=none] o.s.d.r.c.RepositoryConfigurationDelegate - Bootstrapping Spring Data JPA repositories in DEFAULT mode.
2026-07-24 14:56:16.702 [main] INFO  [cid=none] o.s.d.r.c.RepositoryConfigurationDelegate - Finished Spring Data repository scanning in 660 ms. Found 18 JPA repository interfaces.
2026-07-24 14:56:19.739 [main] INFO  [cid=none] o.s.b.w.e.tomcat.TomcatWebServer - Tomcat initialized with port 8090 (http)
2026-07-24 14:56:19.780 [main] INFO  [cid=none] o.a.coyote.http11.Http11NioProtocol - Initializing ProtocolHandler ["http-nio-8090"]
2026-07-24 14:56:19.790 [main] INFO  [cid=none] o.a.catalina.core.StandardService - Starting service [Tomcat]
2026-07-24 14:56:19.790 [main] INFO  [cid=none] o.a.catalina.core.StandardEngine - Starting Servlet engine: [Apache Tomcat/10.1.31]
2026-07-24 14:56:20.086 [main] INFO  [cid=none] o.a.c.c.C.[Tomcat].[localhost].[/] - Initializing Spring embedded WebApplicationContext
2026-07-24 14:56:20.087 [main] INFO  [cid=none] o.s.b.w.s.c.ServletWebServerApplicationContext - Root WebApplicationContext: initialization completed in 7722 ms
2026-07-24 14:56:21.012 [main] INFO  [cid=none] o.h.jpa.internal.util.LogHelper - HHH000204: Processing PersistenceUnitInfo [name: default]
2026-07-24 14:56:21.299 [main] INFO  [cid=none] org.hibernate.Version - HHH000412: Hibernate ORM core version 6.5.3.Final
2026-07-24 14:56:21.417 [main] INFO  [cid=none] o.h.c.i.RegionFactoryInitiator - HHH000026: Second-level cache disabled
2026-07-24 14:56:22.720 [main] INFO  [cid=none] o.s.o.j.p.SpringPersistenceUnitInfo - No LoadTimeWeaver setup: ignoring JPA class transformer
2026-07-24 14:56:22.827 [main] INFO  [cid=none] com.zaxxer.hikari.HikariDataSource - HikariPool-1 - Starting...
2026-07-24 14:56:23.530 [main] INFO  [cid=none] com.zaxxer.hikari.pool.HikariPool - HikariPool-1 - Added connection com.mysql.cj.jdbc.ConnectionImpl@5cf33d25
2026-07-24 14:56:23.535 [main] INFO  [cid=none] com.zaxxer.hikari.HikariDataSource - HikariPool-1 - Start completed.
2026-07-24 14:56:25.945 [main] INFO  [cid=none] o.h.e.t.j.p.i.JtaPlatformInitiator - HHH000489: No JTA platform available (set 'hibernate.transaction.jta.platform' to enable JTA platform integration)
2026-07-24 14:56:26.897 [main] INFO  [cid=none] o.s.o.j.LocalContainerEntityManagerFactoryBean - Initialized JPA EntityManagerFactory for persistence unit 'default'
2026-07-24 14:56:27.913 [main] INFO  [cid=none] o.s.d.j.r.query.QueryEnhancerFactory - Hibernate is in classpath; If applicable, HQL parser will be used.
2026-07-24 14:56:29.079 [main] INFO  [cid=none] c.m.b.service.KycStorageService - KYC storage root: C:\Users\2503700\OneDrive - Cognizant\Desktop\Microlend\uploads\kyc
2026-07-24 14:56:29.975 [main] WARN  [cid=none] o.s.b.a.s.s.UserDetailsServiceAutoConfiguration - 

Using generated security password: d6a7937c-aabe-4d33-8a9e-18e11e5fd3eb

This generated password is for development use only. Your security configuration must be updated before running your application in production.

2026-07-24 14:56:29.989 [main] INFO  [cid=none] o.s.s.c.a.a.c.InitializeUserDetailsBeanManagerConfigurer$InitializeUserDetailsManagerConfigurer - Global AuthenticationManager configured with UserDetailsService bean with name inMemoryUserDetailsManager
2026-07-24 14:56:31.063 [main] INFO  [cid=none] o.s.b.a.e.web.EndpointLinksResolver - Exposing 2 endpoints beneath base path '/actuator'
2026-07-24 14:56:32.909 [main] INFO  [cid=none] o.a.coyote.http11.Http11NioProtocol - Starting ProtocolHandler ["http-nio-8090"]
2026-07-24 14:56:32.973 [main] INFO  [cid=none] o.s.b.w.e.tomcat.TomcatWebServer - Tomcat started on port 8090 (http) with context path '/'
2026-07-24 14:56:33.007 [main] INFO  [cid=none] com.microlend.MicroLendApplication - Started MicroLendApplication in 21.614 seconds (process running for 22.804)
2026-07-24 14:56:33.576 [main] INFO  [cid=none] c.m.identity.bootstrap.DataSeeder - DataSeeder: seed users already present, nothing to create.
2026-07-24 14:59:20.782 [http-nio-8090-exec-1] INFO  [cid=none] o.a.c.c.C.[Tomcat].[localhost].[/] - Initializing Spring DispatcherServlet 'dispatcherServlet'
2026-07-24 14:59:20.783 [http-nio-8090-exec-1] INFO  [cid=none] o.s.web.servlet.DispatcherServlet - Initializing Servlet 'dispatcherServlet'
2026-07-24 14:59:20.786 [http-nio-8090-exec-1] INFO  [cid=none] o.s.web.servlet.DispatcherServlet - Completed initialization in 2 ms
2026-07-24 14:59:22.049 [http-nio-8090-exec-1] INFO  [cid=4f3e4c83] c.m.audit.service.LocalAuditService - AUDIT module=AUTH action=LOGIN_SUCCESS userId=2
2026-07-24 15:00:21.504 [http-nio-8090-exec-3] INFO  [cid=8fc625e2] c.m.audit.service.LocalAuditService - AUDIT module=AUTH action=LOGIN_SUCCESS userId=2
2026-07-24 15:10:18.999 [SpringApplicationShutdownHook] INFO  [cid=none] o.s.o.j.LocalContainerEntityManagerFactoryBean - Closing JPA EntityManagerFactory for persistence unit 'default'
2026-07-24 15:10:19.004 [SpringApplicationShutdownHook] INFO  [cid=none] com.zaxxer.hikari.HikariDataSource - HikariPool-1 - Shutdown initiated...
2026-07-24 15:10:19.021 [SpringApplicationShutdownHook] INFO  [cid=none] com.zaxxer.hikari.HikariDataSource - HikariPool-1 - Shutdown completed.
2026-07-24 15:29:43.871 [background-preinit] INFO  [cid=none] o.h.validator.internal.util.Version - HV000001: Hibernate Validator 8.0.1.Final
2026-07-24 15:29:43.976 [main] INFO  [cid=none] com.microlend.MicroLendApplication - Starting MicroLendApplication using Java 21.0.2 with PID 29548 (C:\Users\2503700\OneDrive - Cognizant\Desktop\Microlend\backend\target\classes started by 2503700 in C:\Users\2503700\OneDrive - Cognizant\Desktop\Microlend)
2026-07-24 15:29:43.979 [main] INFO  [cid=none] com.microlend.MicroLendApplication - The following 1 profile is active: "dev"
2026-07-24 15:29:48.660 [main] INFO  [cid=none] o.s.d.r.c.RepositoryConfigurationDelegate - Bootstrapping Spring Data JPA repositories in DEFAULT mode.
2026-07-24 15:29:49.247 [main] INFO  [cid=none] o.s.d.r.c.RepositoryConfigurationDelegate - Finished Spring Data repository scanning in 518 ms. Found 18 JPA repository interfaces.
2026-07-24 15:29:52.377 [main] INFO  [cid=none] o.s.b.w.e.tomcat.TomcatWebServer - Tomcat initialized with port 8090 (http)
2026-07-24 15:29:52.415 [main] INFO  [cid=none] o.a.coyote.http11.Http11NioProtocol - Initializing ProtocolHandler ["http-nio-8090"]
2026-07-24 15:29:52.431 [main] INFO  [cid=none] o.a.catalina.core.StandardService - Starting service [Tomcat]
2026-07-24 15:29:52.432 [main] INFO  [cid=none] o.a.catalina.core.StandardEngine - Starting Servlet engine: [Apache Tomcat/10.1.31]
2026-07-24 15:29:52.778 [main] INFO  [cid=none] o.a.c.c.C.[Tomcat].[localhost].[/] - Initializing Spring embedded WebApplicationContext
2026-07-24 15:29:52.782 [main] INFO  [cid=none] o.s.b.w.s.c.ServletWebServerApplicationContext - Root WebApplicationContext: initialization completed in 8663 ms
2026-07-24 15:29:54.357 [main] INFO  [cid=none] o.h.jpa.internal.util.LogHelper - HHH000204: Processing PersistenceUnitInfo [name: default]
2026-07-24 15:29:54.587 [main] INFO  [cid=none] org.hibernate.Version - HHH000412: Hibernate ORM core version 6.5.3.Final
2026-07-24 15:29:54.673 [main] INFO  [cid=none] o.h.c.i.RegionFactoryInitiator - HHH000026: Second-level cache disabled
2026-07-24 15:29:55.745 [main] INFO  [cid=none] o.s.o.j.p.SpringPersistenceUnitInfo - No LoadTimeWeaver setup: ignoring JPA class transformer
2026-07-24 15:29:55.825 [main] INFO  [cid=none] com.zaxxer.hikari.HikariDataSource - HikariPool-1 - Starting...
2026-07-24 15:29:56.219 [main] INFO  [cid=none] com.zaxxer.hikari.pool.HikariPool - HikariPool-1 - Added connection com.mysql.cj.jdbc.ConnectionImpl@767d9b9
2026-07-24 15:29:56.223 [main] INFO  [cid=none] com.zaxxer.hikari.HikariDataSource - HikariPool-1 - Start completed.
2026-07-24 15:29:59.901 [main] INFO  [cid=none] o.h.e.t.j.p.i.JtaPlatformInitiator - HHH000489: No JTA platform available (set 'hibernate.transaction.jta.platform' to enable JTA platform integration)
2026-07-24 15:30:01.103 [main] INFO  [cid=none] o.s.o.j.LocalContainerEntityManagerFactoryBean - Initialized JPA EntityManagerFactory for persistence unit 'default'
2026-07-24 15:30:03.079 [main] INFO  [cid=none] o.s.d.j.r.query.QueryEnhancerFactory - Hibernate is in classpath; If applicable, HQL parser will be used.
2026-07-24 15:30:05.400 [main] INFO  [cid=none] c.m.b.service.KycStorageService - KYC storage root: C:\Users\2503700\OneDrive - Cognizant\Desktop\Microlend\uploads\kyc
2026-07-24 15:30:06.991 [main] WARN  [cid=none] o.s.b.a.s.s.UserDetailsServiceAutoConfiguration - 

Using generated security password: 4a187214-0842-4558-b5a9-626eaebaccf9

This generated password is for development use only. Your security configuration must be updated before running your application in production.

2026-07-24 15:30:07.014 [main] INFO  [cid=none] o.s.s.c.a.a.c.InitializeUserDetailsBeanManagerConfigurer$InitializeUserDetailsManagerConfigurer - Global AuthenticationManager configured with UserDetailsService bean with name inMemoryUserDetailsManager
2026-07-24 15:30:08.602 [main] INFO  [cid=none] o.s.b.a.e.web.EndpointLinksResolver - Exposing 2 endpoints beneath base path '/actuator'
2026-07-24 15:30:10.569 [main] INFO  [cid=none] o.a.coyote.http11.Http11NioProtocol - Starting ProtocolHandler ["http-nio-8090"]
2026-07-24 15:30:10.623 [main] INFO  [cid=none] o.s.b.w.e.tomcat.TomcatWebServer - Tomcat started on port 8090 (http) with context path '/'
2026-07-24 15:30:10.673 [main] INFO  [cid=none] com.microlend.MicroLendApplication - Started MicroLendApplication in 27.788 seconds (process running for 28.603)
2026-07-24 15:30:11.337 [main] INFO  [cid=none] c.m.identity.bootstrap.DataSeeder - DataSeeder: seed users already present, nothing to create.
2026-07-24 15:34:04.572 [http-nio-8090-exec-1] INFO  [cid=none] o.a.c.c.C.[Tomcat].[localhost].[/] - Initializing Spring DispatcherServlet 'dispatcherServlet'
2026-07-24 15:34:04.573 [http-nio-8090-exec-1] INFO  [cid=none] o.s.web.servlet.DispatcherServlet - Initializing Servlet 'dispatcherServlet'
2026-07-24 15:34:04.577 [http-nio-8090-exec-1] INFO  [cid=none] o.s.web.servlet.DispatcherServlet - Completed initialization in 4 ms
2026-07-24 15:36:43.487 [http-nio-8090-exec-7] INFO  [cid=9effc22f] c.m.audit.service.LocalAuditService - AUDIT module=AUTH action=LOGIN_SUCCESS userId=2
2026-07-24 15:43:37.143 [SpringApplicationShutdownHook] INFO  [cid=none] o.s.o.j.LocalContainerEntityManagerFactoryBean - Closing JPA EntityManagerFactory for persistence unit 'default'
2026-07-24 15:43:37.145 [SpringApplicationShutdownHook] INFO  [cid=none] com.zaxxer.hikari.HikariDataSource - HikariPool-1 - Shutdown initiated...
2026-07-24 15:43:37.164 [SpringApplicationShutdownHook] INFO  [cid=none] com.zaxxer.hikari.HikariDataSource - HikariPool-1 - Shutdown completed.
2026-07-24 20:10:40.331 [background-preinit] INFO  [cid=none] o.h.validator.internal.util.Version - HV000001: Hibernate Validator 8.0.1.Final
2026-07-24 20:10:40.536 [main] INFO  [cid=none] com.microlend.MicroLendApplication - Starting MicroLendApplication using Java 21.0.2 with PID 24096 (C:\Users\2503700\OneDrive - Cognizant\Desktop\Microlend\backend\target\classes started by 2503700 in C:\Users\2503700\OneDrive - Cognizant\Desktop\Microlend)
2026-07-24 20:10:40.539 [main] INFO  [cid=none] com.microlend.MicroLendApplication - The following 1 profile is active: "dev"
2026-07-24 20:10:45.196 [main] INFO  [cid=none] o.s.d.r.c.RepositoryConfigurationDelegate - Bootstrapping Spring Data JPA repositories in DEFAULT mode.
2026-07-24 20:10:45.730 [main] INFO  [cid=none] o.s.d.r.c.RepositoryConfigurationDelegate - Finished Spring Data repository scanning in 506 ms. Found 18 JPA repository interfaces.
2026-07-24 20:10:48.765 [main] INFO  [cid=none] o.s.b.w.e.tomcat.TomcatWebServer - Tomcat initialized with port 8090 (http)
2026-07-24 20:10:48.810 [main] INFO  [cid=none] o.a.coyote.http11.Http11NioProtocol - Initializing ProtocolHandler ["http-nio-8090"]
2026-07-24 20:10:48.810 [main] INFO  [cid=none] o.a.catalina.core.StandardService - Starting service [Tomcat]
2026-07-24 20:10:48.810 [main] INFO  [cid=none] o.a.catalina.core.StandardEngine - Starting Servlet engine: [Apache Tomcat/10.1.31]
2026-07-24 20:10:49.021 [main] INFO  [cid=none] o.a.c.c.C.[Tomcat].[localhost].[/] - Initializing Spring embedded WebApplicationContext
2026-07-24 20:10:49.033 [main] INFO  [cid=none] o.s.b.w.s.c.ServletWebServerApplicationContext - Root WebApplicationContext: initialization completed in 8275 ms
2026-07-24 20:10:50.069 [main] INFO  [cid=none] o.h.jpa.internal.util.LogHelper - HHH000204: Processing PersistenceUnitInfo [name: default]
2026-07-24 20:10:50.343 [main] INFO  [cid=none] org.hibernate.Version - HHH000412: Hibernate ORM core version 6.5.3.Final
2026-07-24 20:10:50.492 [main] INFO  [cid=none] o.h.c.i.RegionFactoryInitiator - HHH000026: Second-level cache disabled
2026-07-24 20:10:51.270 [main] INFO  [cid=none] o.s.o.j.p.SpringPersistenceUnitInfo - No LoadTimeWeaver setup: ignoring JPA class transformer
2026-07-24 20:10:51.367 [main] INFO  [cid=none] com.zaxxer.hikari.HikariDataSource - HikariPool-1 - Starting...
2026-07-24 20:10:51.710 [main] INFO  [cid=none] com.zaxxer.hikari.pool.HikariPool - HikariPool-1 - Added connection com.mysql.cj.jdbc.ConnectionImpl@7b1559f1
2026-07-24 20:10:51.712 [main] INFO  [cid=none] com.zaxxer.hikari.HikariDataSource - HikariPool-1 - Start completed.
2026-07-24 20:10:54.795 [main] INFO  [cid=none] o.h.e.t.j.p.i.JtaPlatformInitiator - HHH000489: No JTA platform available (set 'hibernate.transaction.jta.platform' to enable JTA platform integration)
2026-07-24 20:10:56.073 [main] INFO  [cid=none] o.s.o.j.LocalContainerEntityManagerFactoryBean - Initialized JPA EntityManagerFactory for persistence unit 'default'
2026-07-24 20:10:57.726 [main] INFO  [cid=none] o.s.d.j.r.query.QueryEnhancerFactory - Hibernate is in classpath; If applicable, HQL parser will be used.
2026-07-24 20:10:59.542 [main] INFO  [cid=none] c.m.b.service.KycStorageService - KYC storage root: C:\Users\2503700\OneDrive - Cognizant\Desktop\Microlend\uploads\kyc
2026-07-24 20:11:00.987 [main] WARN  [cid=none] o.s.b.a.s.s.UserDetailsServiceAutoConfiguration - 

Using generated security password: 311b069a-b7d8-4d67-a111-41d7816b6faa

This generated password is for development use only. Your security configuration must be updated before running your application in production.

2026-07-24 20:11:01.022 [main] INFO  [cid=none] o.s.s.c.a.a.c.InitializeUserDetailsBeanManagerConfigurer$InitializeUserDetailsManagerConfigurer - Global AuthenticationManager configured with UserDetailsService bean with name inMemoryUserDetailsManager
2026-07-24 20:11:02.487 [main] INFO  [cid=none] o.s.b.a.e.web.EndpointLinksResolver - Exposing 2 endpoints beneath base path '/actuator'
2026-07-24 20:11:04.211 [main] INFO  [cid=none] o.a.coyote.http11.Http11NioProtocol - Starting ProtocolHandler ["http-nio-8090"]
2026-07-24 20:11:04.227 [main] WARN  [cid=none] o.s.b.w.s.c.AnnotationConfigServletWebServerApplicationContext - Exception encountered during context initialization - cancelling refresh attempt: org.springframework.context.ApplicationContextException: Failed to start bean 'webServerStartStop'
2026-07-24 20:11:04.245 [main] INFO  [cid=none] o.s.o.j.LocalContainerEntityManagerFactoryBean - Closing JPA EntityManagerFactory for persistence unit 'default'
2026-07-24 20:11:04.247 [main] INFO  [cid=none] com.zaxxer.hikari.HikariDataSource - HikariPool-1 - Shutdown initiated...
2026-07-24 20:11:04.275 [main] INFO  [cid=none] com.zaxxer.hikari.HikariDataSource - HikariPool-1 - Shutdown completed.
2026-07-24 20:11:04.306 [main] INFO  [cid=none] o.s.b.a.l.ConditionEvaluationReportLogger - 

Error starting ApplicationContext. To display the condition evaluation report re-run your application with 'debug' enabled.
2026-07-24 20:11:04.388 [main] ERROR [cid=none] o.s.b.d.LoggingFailureAnalysisReporter - 

***************************
APPLICATION FAILED TO START
***************************

Description:

Web server failed to start. Port 8090 was already in use.

Action:

Identify and stop the process that's listening on port 8090 or configure this application to listen on another port.

2026-07-24 20:13:10.706 [background-preinit] INFO  [cid=none] o.h.validator.internal.util.Version - HV000001: Hibernate Validator 8.0.1.Final
2026-07-24 20:13:10.839 [main] INFO  [cid=none] com.microlend.MicroLendApplication - Starting MicroLendApplication using Java 21.0.2 with PID 2864 (C:\Users\2503700\OneDrive - Cognizant\Desktop\Microlend\backend\target\classes started by 2503700 in C:\Users\2503700\OneDrive - Cognizant\Desktop\Microlend)
2026-07-24 20:13:10.841 [main] INFO  [cid=none] com.microlend.MicroLendApplication - The following 1 profile is active: "dev"
2026-07-24 20:13:14.317 [main] INFO  [cid=none] o.s.d.r.c.RepositoryConfigurationDelegate - Bootstrapping Spring Data JPA repositories in DEFAULT mode.
2026-07-24 20:13:14.832 [main] INFO  [cid=none] o.s.d.r.c.RepositoryConfigurationDelegate - Finished Spring Data repository scanning in 476 ms. Found 18 JPA repository interfaces.
2026-07-24 20:13:17.598 [main] INFO  [cid=none] o.s.b.w.e.tomcat.TomcatWebServer - Tomcat initialized with port 8089 (http)
2026-07-24 20:13:17.649 [main] INFO  [cid=none] o.a.coyote.http11.Http11NioProtocol - Initializing ProtocolHandler ["http-nio-8089"]
2026-07-24 20:13:17.657 [main] INFO  [cid=none] o.a.catalina.core.StandardService - Starting service [Tomcat]
2026-07-24 20:13:17.658 [main] INFO  [cid=none] o.a.catalina.core.StandardEngine - Starting Servlet engine: [Apache Tomcat/10.1.31]
2026-07-24 20:13:17.927 [main] INFO  [cid=none] o.a.c.c.C.[Tomcat].[localhost].[/] - Initializing Spring embedded WebApplicationContext
2026-07-24 20:13:17.931 [main] INFO  [cid=none] o.s.b.w.s.c.ServletWebServerApplicationContext - Root WebApplicationContext: initialization completed in 6929 ms
2026-07-24 20:13:19.008 [main] INFO  [cid=none] o.h.jpa.internal.util.LogHelper - HHH000204: Processing PersistenceUnitInfo [name: default]
2026-07-24 20:13:19.266 [main] INFO  [cid=none] org.hibernate.Version - HHH000412: Hibernate ORM core version 6.5.3.Final
2026-07-24 20:13:19.349 [main] INFO  [cid=none] o.h.c.i.RegionFactoryInitiator - HHH000026: Second-level cache disabled
2026-07-24 20:13:20.163 [main] INFO  [cid=none] o.s.o.j.p.SpringPersistenceUnitInfo - No LoadTimeWeaver setup: ignoring JPA class transformer
2026-07-24 20:13:20.252 [main] INFO  [cid=none] com.zaxxer.hikari.HikariDataSource - HikariPool-1 - Starting...
2026-07-24 20:13:20.634 [main] INFO  [cid=none] com.zaxxer.hikari.pool.HikariPool - HikariPool-1 - Added connection com.mysql.cj.jdbc.ConnectionImpl@75da2db
2026-07-24 20:13:20.636 [main] INFO  [cid=none] com.zaxxer.hikari.HikariDataSource - HikariPool-1 - Start completed.
2026-07-24 20:13:22.876 [main] INFO  [cid=none] o.h.e.t.j.p.i.JtaPlatformInitiator - HHH000489: No JTA platform available (set 'hibernate.transaction.jta.platform' to enable JTA platform integration)
2026-07-24 20:13:23.654 [main] INFO  [cid=none] o.s.o.j.LocalContainerEntityManagerFactoryBean - Initialized JPA EntityManagerFactory for persistence unit 'default'
2026-07-24 20:13:25.197 [main] INFO  [cid=none] o.s.d.j.r.query.QueryEnhancerFactory - Hibernate is in classpath; If applicable, HQL parser will be used.
2026-07-24 20:13:26.703 [main] INFO  [cid=none] c.m.b.service.KycStorageService - KYC storage root: C:\Users\2503700\OneDrive - Cognizant\Desktop\Microlend\uploads\kyc
2026-07-24 20:13:27.939 [main] WARN  [cid=none] o.s.b.a.s.s.UserDetailsServiceAutoConfiguration - 

Using generated security password: 58c8dded-d97e-458c-8bac-0460a818b162

This generated password is for development use only. Your security configuration must be updated before running your application in production.

2026-07-24 20:13:27.960 [main] INFO  [cid=none] o.s.s.c.a.a.c.InitializeUserDetailsBeanManagerConfigurer$InitializeUserDetailsManagerConfigurer - Global AuthenticationManager configured with UserDetailsService bean with name inMemoryUserDetailsManager
2026-07-24 20:13:29.150 [main] INFO  [cid=none] o.s.b.a.e.web.EndpointLinksResolver - Exposing 2 endpoints beneath base path '/actuator'
2026-07-24 20:13:30.812 [main] INFO  [cid=none] o.a.coyote.http11.Http11NioProtocol - Starting ProtocolHandler ["http-nio-8089"]
2026-07-24 20:13:30.882 [main] INFO  [cid=none] o.s.b.w.e.tomcat.TomcatWebServer - Tomcat started on port 8089 (http) with context path '/'
2026-07-24 20:13:30.916 [main] INFO  [cid=none] com.microlend.MicroLendApplication - Started MicroLendApplication in 21.326 seconds (process running for 22.227)
2026-07-24 20:13:31.423 [main] INFO  [cid=none] c.m.identity.bootstrap.DataSeeder - DataSeeder: seed users already present, nothing to create.
2026-07-24 20:15:08.555 [SpringApplicationShutdownHook] INFO  [cid=none] o.s.o.j.LocalContainerEntityManagerFactoryBean - Closing JPA EntityManagerFactory for persistence unit 'default'
2026-07-24 20:15:08.559 [SpringApplicationShutdownHook] INFO  [cid=none] com.zaxxer.hikari.HikariDataSource - HikariPool-1 - Shutdown initiated...
2026-07-24 20:15:08.600 [SpringApplicationShutdownHook] INFO  [cid=none] com.zaxxer.hikari.HikariDataSource - HikariPool-1 - Shutdown completed.
