2026-07-30 08:52:05.321 [background-preinit] INFO  [cid=none] o.h.validator.internal.util.Version - HV000001: Hibernate Validator 8.0.1.Final
2026-07-30 08:52:05.521 [main] INFO  [cid=none] com.microlend.MicroLendApplication - Starting MicroLendApplication using Java 21.0.2 with PID 23152 (C:\Users\2503700\OneDrive - Cognizant\Desktop\Microlend\backend\target\classes started by 2503700 in C:\Users\2503700\OneDrive - Cognizant\Desktop\Microlend)
2026-07-30 08:52:05.524 [main] INFO  [cid=none] com.microlend.MicroLendApplication - The following 1 profile is active: "dev"
2026-07-30 08:52:09.084 [main] INFO  [cid=none] o.s.d.r.c.RepositoryConfigurationDelegate - Bootstrapping Spring Data JPA repositories in DEFAULT mode.
2026-07-30 08:52:09.601 [main] INFO  [cid=none] o.s.d.r.c.RepositoryConfigurationDelegate - Finished Spring Data repository scanning in 496 ms. Found 18 JPA repository interfaces.
2026-07-30 08:52:13.536 [main] INFO  [cid=none] o.s.b.w.e.tomcat.TomcatWebServer - Tomcat initialized with port 8090 (http)
2026-07-30 08:52:13.565 [main] INFO  [cid=none] o.a.coyote.http11.Http11NioProtocol - Initializing ProtocolHandler ["http-nio-8090"]
2026-07-30 08:52:13.573 [main] INFO  [cid=none] o.a.catalina.core.StandardService - Starting service [Tomcat]
2026-07-30 08:52:13.574 [main] INFO  [cid=none] o.a.catalina.core.StandardEngine - Starting Servlet engine: [Apache Tomcat/10.1.31]
2026-07-30 08:52:13.717 [main] INFO  [cid=none] o.a.c.c.C.[Tomcat].[localhost].[/] - Initializing Spring embedded WebApplicationContext
2026-07-30 08:52:13.720 [main] INFO  [cid=none] o.s.b.w.s.c.ServletWebServerApplicationContext - Root WebApplicationContext: initialization completed in 8015 ms
2026-07-30 08:52:14.695 [main] INFO  [cid=none] o.h.jpa.internal.util.LogHelper - HHH000204: Processing PersistenceUnitInfo [name: default]
2026-07-30 08:52:14.914 [main] INFO  [cid=none] org.hibernate.Version - HHH000412: Hibernate ORM core version 6.5.3.Final
2026-07-30 08:52:14.983 [main] INFO  [cid=none] o.h.c.i.RegionFactoryInitiator - HHH000026: Second-level cache disabled
2026-07-30 08:52:15.637 [main] INFO  [cid=none] o.s.o.j.p.SpringPersistenceUnitInfo - No LoadTimeWeaver setup: ignoring JPA class transformer
2026-07-30 08:52:15.706 [main] INFO  [cid=none] com.zaxxer.hikari.HikariDataSource - HikariPool-1 - Starting...
2026-07-30 08:52:16.075 [main] INFO  [cid=none] com.zaxxer.hikari.pool.HikariPool - HikariPool-1 - Added connection com.mysql.cj.jdbc.ConnectionImpl@26b3fe8
2026-07-30 08:52:16.077 [main] INFO  [cid=none] com.zaxxer.hikari.HikariDataSource - HikariPool-1 - Start completed.
2026-07-30 08:52:19.482 [main] INFO  [cid=none] o.h.e.t.j.p.i.JtaPlatformInitiator - HHH000489: No JTA platform available (set 'hibernate.transaction.jta.platform' to enable JTA platform integration)
2026-07-30 08:52:20.686 [main] INFO  [cid=none] o.s.o.j.LocalContainerEntityManagerFactoryBean - Initialized JPA EntityManagerFactory for persistence unit 'default'
2026-07-30 08:52:21.783 [main] INFO  [cid=none] o.s.d.j.r.query.QueryEnhancerFactory - Hibernate is in classpath; If applicable, HQL parser will be used.
2026-07-30 08:52:23.309 [main] INFO  [cid=none] c.m.b.service.KycStorageService - KYC storage root: C:\Users\2503700\OneDrive - Cognizant\Desktop\Microlend\uploads\kyc
2026-07-30 08:52:24.497 [main] WARN  [cid=none] o.s.b.a.s.s.UserDetailsServiceAutoConfiguration - 

Using generated security password: ab3fe8b3-2c67-4fa1-870c-71b21add354b

This generated password is for development use only. Your security configuration must be updated before running your application in production.

2026-07-30 08:52:24.518 [main] INFO  [cid=none] o.s.s.c.a.a.c.InitializeUserDetailsBeanManagerConfigurer$InitializeUserDetailsManagerConfigurer - Global AuthenticationManager configured with UserDetailsService bean with name inMemoryUserDetailsManager
2026-07-30 08:52:25.740 [main] INFO  [cid=none] o.s.b.a.e.web.EndpointLinksResolver - Exposing 2 endpoints beneath base path '/actuator'
2026-07-30 08:52:27.354 [main] INFO  [cid=none] o.a.coyote.http11.Http11NioProtocol - Starting ProtocolHandler ["http-nio-8090"]
2026-07-30 08:52:27.413 [main] INFO  [cid=none] o.s.b.w.e.tomcat.TomcatWebServer - Tomcat started on port 8090 (http) with context path '/'
2026-07-30 08:52:27.446 [main] INFO  [cid=none] com.microlend.MicroLendApplication - Started MicroLendApplication in 24.029 seconds (process running for 25.206)
2026-07-30 08:52:28.092 [main] INFO  [cid=none] c.m.identity.bootstrap.DataSeeder - DataSeeder: seed users already present, nothing to create.
2026-07-30 09:51:42.524 [SpringApplicationShutdownHook] INFO  [cid=none] o.s.o.j.LocalContainerEntityManagerFactoryBean - Closing JPA EntityManagerFactory for persistence unit 'default'
2026-07-30 09:51:42.529 [SpringApplicationShutdownHook] INFO  [cid=none] com.zaxxer.hikari.HikariDataSource - HikariPool-1 - Shutdown initiated...
2026-07-30 09:51:42.537 [SpringApplicationShutdownHook] INFO  [cid=none] com.zaxxer.hikari.HikariDataSource - HikariPool-1 - Shutdown completed.
2026-07-30 10:41:50.826 [background-preinit] INFO  [cid=none] o.h.validator.internal.util.Version - HV000001: Hibernate Validator 8.0.1.Final
2026-07-30 10:41:51.097 [main] INFO  [cid=none] com.microlend.MicroLendApplication - Starting MicroLendApplication using Java 21.0.2 with PID 22328 (C:\Users\2503700\OneDrive - Cognizant\Desktop\Microlend\backend\target\classes started by 2503700 in C:\Users\2503700\OneDrive - Cognizant\Desktop\Microlend)
2026-07-30 10:41:51.103 [main] INFO  [cid=none] com.microlend.MicroLendApplication - The following 1 profile is active: "dev"
2026-07-30 10:41:59.639 [main] INFO  [cid=none] o.s.d.r.c.RepositoryConfigurationDelegate - Bootstrapping Spring Data JPA repositories in DEFAULT mode.
2026-07-30 10:42:00.747 [main] INFO  [cid=none] o.s.d.r.c.RepositoryConfigurationDelegate - Finished Spring Data repository scanning in 1062 ms. Found 18 JPA repository interfaces.
2026-07-30 10:42:07.027 [main] INFO  [cid=none] o.s.b.w.e.tomcat.TomcatWebServer - Tomcat initialized with port 8090 (http)
2026-07-30 10:42:07.131 [main] INFO  [cid=none] o.a.coyote.http11.Http11NioProtocol - Initializing ProtocolHandler ["http-nio-8090"]
2026-07-30 10:42:07.155 [main] INFO  [cid=none] o.a.catalina.core.StandardService - Starting service [Tomcat]
2026-07-30 10:42:07.155 [main] INFO  [cid=none] o.a.catalina.core.StandardEngine - Starting Servlet engine: [Apache Tomcat/10.1.31]
2026-07-30 10:42:07.701 [main] INFO  [cid=none] o.a.c.c.C.[Tomcat].[localhost].[/] - Initializing Spring embedded WebApplicationContext
2026-07-30 10:42:07.701 [main] INFO  [cid=none] o.s.b.w.s.c.ServletWebServerApplicationContext - Root WebApplicationContext: initialization completed in 16312 ms
2026-07-30 10:42:10.369 [main] INFO  [cid=none] o.h.jpa.internal.util.LogHelper - HHH000204: Processing PersistenceUnitInfo [name: default]
2026-07-30 10:42:10.932 [main] INFO  [cid=none] org.hibernate.Version - HHH000412: Hibernate ORM core version 6.5.3.Final
2026-07-30 10:42:11.177 [main] INFO  [cid=none] o.h.c.i.RegionFactoryInitiator - HHH000026: Second-level cache disabled
2026-07-30 10:42:12.940 [main] INFO  [cid=none] o.s.o.j.p.SpringPersistenceUnitInfo - No LoadTimeWeaver setup: ignoring JPA class transformer
2026-07-30 10:42:13.107 [main] INFO  [cid=none] com.zaxxer.hikari.HikariDataSource - HikariPool-1 - Starting...
2026-07-30 10:42:13.889 [main] INFO  [cid=none] com.zaxxer.hikari.pool.HikariPool - HikariPool-1 - Added connection com.mysql.cj.jdbc.ConnectionImpl@2553dcc0
2026-07-30 10:42:13.899 [main] INFO  [cid=none] com.zaxxer.hikari.HikariDataSource - HikariPool-1 - Start completed.
2026-07-30 10:42:19.905 [main] INFO  [cid=none] o.h.e.t.j.p.i.JtaPlatformInitiator - HHH000489: No JTA platform available (set 'hibernate.transaction.jta.platform' to enable JTA platform integration)
2026-07-30 10:42:20.932 [main] INFO  [cid=none] o.s.o.j.LocalContainerEntityManagerFactoryBean - Initialized JPA EntityManagerFactory for persistence unit 'default'
2026-07-30 10:42:22.868 [main] INFO  [cid=none] o.s.d.j.r.query.QueryEnhancerFactory - Hibernate is in classpath; If applicable, HQL parser will be used.
2026-07-30 10:42:25.011 [main] INFO  [cid=none] c.m.b.service.KycStorageService - KYC storage root: C:\Users\2503700\OneDrive - Cognizant\Desktop\Microlend\uploads\kyc
2026-07-30 10:42:26.454 [main] WARN  [cid=none] o.s.b.a.s.s.UserDetailsServiceAutoConfiguration - 

Using generated security password: cbeefc5b-79a4-4097-bf7e-a4f039ac695d

This generated password is for development use only. Your security configuration must be updated before running your application in production.

2026-07-30 10:42:26.476 [main] INFO  [cid=none] o.s.s.c.a.a.c.InitializeUserDetailsBeanManagerConfigurer$InitializeUserDetailsManagerConfigurer - Global AuthenticationManager configured with UserDetailsService bean with name inMemoryUserDetailsManager
2026-07-30 10:42:27.795 [main] INFO  [cid=none] o.s.b.a.e.web.EndpointLinksResolver - Exposing 2 endpoints beneath base path '/actuator'
2026-07-30 10:42:29.886 [main] INFO  [cid=none] o.a.coyote.http11.Http11NioProtocol - Starting ProtocolHandler ["http-nio-8090"]
2026-07-30 10:42:29.961 [main] INFO  [cid=none] o.s.b.w.e.tomcat.TomcatWebServer - Tomcat started on port 8090 (http) with context path '/'
2026-07-30 10:42:30.010 [main] INFO  [cid=none] com.microlend.MicroLendApplication - Started MicroLendApplication in 42.003 seconds (process running for 43.738)
2026-07-30 10:42:30.657 [main] INFO  [cid=none] c.m.identity.bootstrap.DataSeeder - DataSeeder: seed users already present, nothing to create.
2026-07-30 10:42:49.774 [http-nio-8090-exec-1] INFO  [cid=none] o.a.c.c.C.[Tomcat].[localhost].[/] - Initializing Spring DispatcherServlet 'dispatcherServlet'
2026-07-30 10:42:49.774 [http-nio-8090-exec-1] INFO  [cid=none] o.s.web.servlet.DispatcherServlet - Initializing Servlet 'dispatcherServlet'
2026-07-30 10:42:49.778 [http-nio-8090-exec-1] INFO  [cid=none] o.s.web.servlet.DispatcherServlet - Completed initialization in 4 ms
2026-07-30 10:42:50.684 [http-nio-8090-exec-1] WARN  [cid=7f289db4] c.m.i.s.JwtAuthenticationFilter - Rejected JWT: JWT expired 44590682 milliseconds ago at 2026-07-29T16:49:40.000Z. Current time: 2026-07-30T05:12:50.682Z. Allowed clock skew: 0 milliseconds.
2026-07-30 10:42:51.047 [http-nio-8090-exec-2] WARN  [cid=ac20dac2] c.m.i.s.JwtAuthenticationFilter - Rejected JWT: JWT expired 44591047 milliseconds ago at 2026-07-29T16:49:40.000Z. Current time: 2026-07-30T05:12:51.047Z. Allowed clock skew: 0 milliseconds.
2026-07-30 10:42:54.946 [http-nio-8090-exec-3] INFO  [cid=78e470bf] c.m.audit.service.LocalAuditService - AUDIT module=AUTH action=LOGIN_SUCCESS userId=1
2026-07-30 11:11:52.159 [HikariPool-1 housekeeper] WARN  [cid=none] com.zaxxer.hikari.pool.HikariPool - HikariPool-1 - Thread starvation or clock leap detected (housekeeper delta=1m38s156ms735µs600ns).
2026-07-30 11:37:54.186 [http-nio-8090-exec-8] INFO  [cid=e1745e16] c.m.audit.service.LocalAuditService - AUDIT module=AUTH action=LOGIN_SUCCESS userId=1
2026-07-30 11:57:16.532 [http-nio-8090-exec-9] INFO  [cid=525f4e35] c.m.audit.service.LocalAuditService - AUDIT module=AUTH action=LOGIN_FAILED userId=18
2026-07-30 11:57:24.979 [http-nio-8090-exec-7] INFO  [cid=4a44ce93] c.m.audit.service.LocalAuditService - AUDIT module=AUTH action=LOGIN_SUCCESS_FORCE_RESET userId=18
2026-07-30 11:57:51.409 [http-nio-8090-exec-2] INFO  [cid=e7204ecc] c.m.audit.service.LocalAuditService - AUDIT module=AUTH action=PASSWORD_RESET_COMPLETED userId=18
2026-07-30 12:06:04.436 [SpringApplicationShutdownHook] INFO  [cid=none] o.s.o.j.LocalContainerEntityManagerFactoryBean - Closing JPA EntityManagerFactory for persistence unit 'default'
2026-07-30 12:06:04.445 [SpringApplicationShutdownHook] INFO  [cid=none] com.zaxxer.hikari.HikariDataSource - HikariPool-1 - Shutdown initiated...
2026-07-30 12:06:04.464 [SpringApplicationShutdownHook] INFO  [cid=none] com.zaxxer.hikari.HikariDataSource - HikariPool-1 - Shutdown completed.
2026-07-30 14:47:29.572 [background-preinit] INFO  [cid=none] o.h.validator.internal.util.Version - HV000001: Hibernate Validator 8.0.1.Final
2026-07-30 14:47:29.761 [main] INFO  [cid=none] com.microlend.MicroLendApplication - Starting MicroLendApplication using Java 21.0.2 with PID 13592 (C:\Users\2503700\OneDrive - Cognizant\Desktop\Microlend\backend\target\classes started by 2503700 in C:\Users\2503700\OneDrive - Cognizant\Desktop\Microlend)
2026-07-30 14:47:29.764 [main] INFO  [cid=none] com.microlend.MicroLendApplication - The following 1 profile is active: "dev"
2026-07-30 14:47:35.021 [main] INFO  [cid=none] o.s.d.r.c.RepositoryConfigurationDelegate - Bootstrapping Spring Data JPA repositories in DEFAULT mode.
2026-07-30 14:47:35.580 [main] INFO  [cid=none] o.s.d.r.c.RepositoryConfigurationDelegate - Finished Spring Data repository scanning in 533 ms. Found 18 JPA repository interfaces.
2026-07-30 14:47:39.229 [main] INFO  [cid=none] o.s.b.w.e.tomcat.TomcatWebServer - Tomcat initialized with port 8090 (http)
2026-07-30 14:47:39.276 [main] INFO  [cid=none] o.a.coyote.http11.Http11NioProtocol - Initializing ProtocolHandler ["http-nio-8090"]
2026-07-30 14:47:39.293 [main] INFO  [cid=none] o.a.catalina.core.StandardService - Starting service [Tomcat]
2026-07-30 14:47:39.294 [main] INFO  [cid=none] o.a.catalina.core.StandardEngine - Starting Servlet engine: [Apache Tomcat/10.1.31]
2026-07-30 14:47:39.520 [main] INFO  [cid=none] o.a.c.c.C.[Tomcat].[localhost].[/] - Initializing Spring embedded WebApplicationContext
2026-07-30 14:47:39.522 [main] INFO  [cid=none] o.s.b.w.s.c.ServletWebServerApplicationContext - Root WebApplicationContext: initialization completed in 9578 ms
2026-07-30 14:47:40.958 [main] INFO  [cid=none] o.h.jpa.internal.util.LogHelper - HHH000204: Processing PersistenceUnitInfo [name: default]
2026-07-30 14:47:41.281 [main] INFO  [cid=none] org.hibernate.Version - HHH000412: Hibernate ORM core version 6.5.3.Final
2026-07-30 14:47:41.425 [main] INFO  [cid=none] o.h.c.i.RegionFactoryInitiator - HHH000026: Second-level cache disabled
2026-07-30 14:47:42.435 [main] INFO  [cid=none] o.s.o.j.p.SpringPersistenceUnitInfo - No LoadTimeWeaver setup: ignoring JPA class transformer
2026-07-30 14:47:42.538 [main] INFO  [cid=none] com.zaxxer.hikari.HikariDataSource - HikariPool-1 - Starting...
2026-07-30 14:47:43.073 [main] INFO  [cid=none] com.zaxxer.hikari.pool.HikariPool - HikariPool-1 - Added connection com.mysql.cj.jdbc.ConnectionImpl@7b2f8152
2026-07-30 14:47:43.080 [main] INFO  [cid=none] com.zaxxer.hikari.HikariDataSource - HikariPool-1 - Start completed.
2026-07-30 14:47:46.640 [main] INFO  [cid=none] o.h.e.t.j.p.i.JtaPlatformInitiator - HHH000489: No JTA platform available (set 'hibernate.transaction.jta.platform' to enable JTA platform integration)
2026-07-30 14:47:48.477 [main] INFO  [cid=none] o.s.o.j.LocalContainerEntityManagerFactoryBean - Initialized JPA EntityManagerFactory for persistence unit 'default'
2026-07-30 14:47:50.123 [main] INFO  [cid=none] o.s.d.j.r.query.QueryEnhancerFactory - Hibernate is in classpath; If applicable, HQL parser will be used.
2026-07-30 14:47:52.506 [main] INFO  [cid=none] c.m.b.service.KycStorageService - KYC storage root: C:\Users\2503700\OneDrive - Cognizant\Desktop\Microlend\uploads\kyc
2026-07-30 14:47:54.221 [main] WARN  [cid=none] o.s.b.a.s.s.UserDetailsServiceAutoConfiguration - 

Using generated security password: 231217ce-0eac-46d6-ae3a-aa505b86f5de

This generated password is for development use only. Your security configuration must be updated before running your application in production.

2026-07-30 14:47:54.243 [main] INFO  [cid=none] o.s.s.c.a.a.c.InitializeUserDetailsBeanManagerConfigurer$InitializeUserDetailsManagerConfigurer - Global AuthenticationManager configured with UserDetailsService bean with name inMemoryUserDetailsManager
2026-07-30 14:47:57.509 [main] INFO  [cid=none] o.s.b.a.e.web.EndpointLinksResolver - Exposing 2 endpoints beneath base path '/actuator'
2026-07-30 14:48:00.536 [main] INFO  [cid=none] o.a.coyote.http11.Http11NioProtocol - Starting ProtocolHandler ["http-nio-8090"]
2026-07-30 14:48:00.636 [main] INFO  [cid=none] o.s.b.w.e.tomcat.TomcatWebServer - Tomcat started on port 8090 (http) with context path '/'
2026-07-30 14:48:00.709 [main] INFO  [cid=none] com.microlend.MicroLendApplication - Started MicroLendApplication in 33.111 seconds (process running for 35.142)
2026-07-30 14:48:02.082 [main] INFO  [cid=none] c.m.identity.bootstrap.DataSeeder - DataSeeder: seed users already present, nothing to create.
2026-07-30 14:48:04.387 [http-nio-8090-exec-1] INFO  [cid=none] o.a.c.c.C.[Tomcat].[localhost].[/] - Initializing Spring DispatcherServlet 'dispatcherServlet'
2026-07-30 14:48:04.387 [http-nio-8090-exec-1] INFO  [cid=none] o.s.web.servlet.DispatcherServlet - Initializing Servlet 'dispatcherServlet'
2026-07-30 14:48:04.391 [http-nio-8090-exec-1] INFO  [cid=none] o.s.web.servlet.DispatcherServlet - Completed initialization in 3 ms
2026-07-30 15:07:18.280 [SpringApplicationShutdownHook] INFO  [cid=none] o.s.o.j.LocalContainerEntityManagerFactoryBean - Closing JPA EntityManagerFactory for persistence unit 'default'
2026-07-30 15:07:18.287 [SpringApplicationShutdownHook] INFO  [cid=none] com.zaxxer.hikari.HikariDataSource - HikariPool-1 - Shutdown initiated...
2026-07-30 15:07:18.316 [SpringApplicationShutdownHook] INFO  [cid=none] com.zaxxer.hikari.HikariDataSource - HikariPool-1 - Shutdown completed.
