2026-07-15 20:45:52.081 [background-preinit] INFO  [cid=none] o.h.validator.internal.util.Version - HV000001: Hibernate Validator 8.0.1.Final
2026-07-15 20:45:52.466 [main] INFO  [cid=none] com.microlend.MicroLendApplication - Starting MicroLendApplication v1.0.0 using Java 21 with PID 26316 (C:\Users\2503719\OneDrive - Cognizant\Desktop\Microlend\backend\target\microlend-core-1.0.0.jar started by 2503719 in C:\Users\2503719\OneDrive - Cognizant\Desktop\Microlend\backend\src\main\java\com\microlend)
2026-07-15 20:45:52.499 [main] INFO  [cid=none] com.microlend.MicroLendApplication - The following 1 profile is active: "dev"
2026-07-15 20:45:55.683 [main] INFO  [cid=none] o.s.d.r.c.RepositoryConfigurationDelegate - Bootstrapping Spring Data JPA repositories in DEFAULT mode.
2026-07-15 20:45:56.004 [main] INFO  [cid=none] o.s.d.r.c.RepositoryConfigurationDelegate - Finished Spring Data repository scanning in 303 ms. Found 18 JPA repository interfaces.
2026-07-15 20:45:59.153 [main] INFO  [cid=none] o.s.b.w.e.tomcat.TomcatWebServer - Tomcat initialized with port 8090 (http)
2026-07-15 20:45:59.200 [main] INFO  [cid=none] o.a.coyote.http11.Http11NioProtocol - Initializing ProtocolHandler ["http-nio-8090"]
2026-07-15 20:45:59.216 [main] INFO  [cid=none] o.a.catalina.core.StandardService - Starting service [Tomcat]
2026-07-15 20:45:59.216 [main] INFO  [cid=none] o.a.catalina.core.StandardEngine - Starting Servlet engine: [Apache Tomcat/10.1.31]
2026-07-15 20:45:59.283 [main] INFO  [cid=none] o.a.c.c.C.[Tomcat].[localhost].[/] - Initializing Spring embedded WebApplicationContext
2026-07-15 20:45:59.296 [main] INFO  [cid=none] o.s.b.w.s.c.ServletWebServerApplicationContext - Root WebApplicationContext: initialization completed in 6694 ms
2026-07-15 20:46:00.579 [main] INFO  [cid=none] o.h.jpa.internal.util.LogHelper - HHH000204: Processing PersistenceUnitInfo [name: default]
2026-07-15 20:46:00.735 [main] INFO  [cid=none] org.hibernate.Version - HHH000412: Hibernate ORM core version 6.5.3.Final
2026-07-15 20:46:00.899 [main] INFO  [cid=none] o.h.c.i.RegionFactoryInitiator - HHH000026: Second-level cache disabled
2026-07-15 20:46:01.980 [main] INFO  [cid=none] o.s.o.j.p.SpringPersistenceUnitInfo - No LoadTimeWeaver setup: ignoring JPA class transformer
2026-07-15 20:46:02.073 [main] INFO  [cid=none] com.zaxxer.hikari.HikariDataSource - HikariPool-1 - Starting...
2026-07-15 20:46:02.456 [main] INFO  [cid=none] com.zaxxer.hikari.pool.HikariPool - HikariPool-1 - Added connection com.mysql.cj.jdbc.ConnectionImpl@7c4a5ef2
2026-07-15 20:46:02.472 [main] INFO  [cid=none] com.zaxxer.hikari.HikariDataSource - HikariPool-1 - Start completed.
2026-07-15 20:46:04.855 [main] INFO  [cid=none] o.h.e.t.j.p.i.JtaPlatformInitiator - HHH000489: No JTA platform available (set 'hibernate.transaction.jta.platform' to enable JTA platform integration)
2026-07-15 20:46:08.083 [main] INFO  [cid=none] o.s.o.j.LocalContainerEntityManagerFactoryBean - Initialized JPA EntityManagerFactory for persistence unit 'default'
2026-07-15 20:46:09.818 [main] INFO  [cid=none] c.m.b.service.KycStorageService - KYC storage root: C:\Users\2503719\OneDrive - Cognizant\Desktop\Microlend\backend\src\main\java\com\microlend\uploads\kyc
2026-07-15 20:46:11.385 [main] WARN  [cid=none] o.s.b.a.s.s.UserDetailsServiceAutoConfiguration - 

Using generated security password: 53321c9e-f5ff-4807-bf85-e7aa3e0aaa94

This generated password is for development use only. Your security configuration must be updated before running your application in production.

2026-07-15 20:46:11.413 [main] INFO  [cid=none] o.s.s.c.a.a.c.InitializeUserDetailsBeanManagerConfigurer$InitializeUserDetailsManagerConfigurer - Global AuthenticationManager configured with UserDetailsService bean with name inMemoryUserDetailsManager
2026-07-15 20:46:13.135 [main] INFO  [cid=none] o.s.b.a.e.web.EndpointLinksResolver - Exposing 2 endpoints beneath base path '/actuator'
2026-07-15 20:46:16.255 [main] INFO  [cid=none] o.a.coyote.http11.Http11NioProtocol - Starting ProtocolHandler ["http-nio-8090"]
2026-07-15 20:46:16.388 [main] INFO  [cid=none] o.s.b.w.e.tomcat.TomcatWebServer - Tomcat started on port 8090 (http) with context path '/'
2026-07-15 20:46:16.437 [main] INFO  [cid=none] com.microlend.MicroLendApplication - Started MicroLendApplication in 25.202 seconds (process running for 26.152)
2026-07-15 20:46:17.289 [http-nio-8090-exec-1] INFO  [cid=none] o.a.c.c.C.[Tomcat].[localhost].[/] - Initializing Spring DispatcherServlet 'dispatcherServlet'
2026-07-15 20:46:17.289 [http-nio-8090-exec-1] INFO  [cid=none] o.s.web.servlet.DispatcherServlet - Initializing Servlet 'dispatcherServlet'
2026-07-15 20:46:17.300 [http-nio-8090-exec-1] INFO  [cid=none] o.s.web.servlet.DispatcherServlet - Completed initialization in 0 ms
2026-07-15 20:46:17.506 [main] INFO  [cid=none] c.m.identity.bootstrap.DataSeeder - DataSeeder: created 6 seed users (default password 'Password@123', forced reset on first login).
2026-07-15 20:46:31.787 [http-nio-8090-exec-3] INFO  [cid=none] c.m.audit.service.AuditService - AUDIT module=AUTH action=LOGIN_SUCCESS_FORCE_RESET userId=1
2026-07-15 20:46:32.089 [http-nio-8090-exec-4] INFO  [cid=none] c.m.audit.service.AuditService - AUDIT module=AUTH action=PASSWORD_RESET_COMPLETED userId=1
2026-07-15 20:46:32.521 [http-nio-8090-exec-5] INFO  [cid=none] c.m.audit.service.AuditService - AUDIT module=AUTH action=LOGIN_SUCCESS_FORCE_RESET userId=2
2026-07-15 20:46:32.651 [http-nio-8090-exec-6] INFO  [cid=none] c.m.audit.service.AuditService - AUDIT module=AUTH action=PASSWORD_RESET_COMPLETED userId=2
2026-07-15 20:46:32.788 [http-nio-8090-exec-7] INFO  [cid=none] c.m.audit.service.AuditService - AUDIT module=AUTH action=LOGIN_SUCCESS_FORCE_RESET userId=3
2026-07-15 20:46:32.901 [http-nio-8090-exec-8] INFO  [cid=none] c.m.audit.service.AuditService - AUDIT module=AUTH action=PASSWORD_RESET_COMPLETED userId=3
2026-07-15 20:46:33.051 [http-nio-8090-exec-9] INFO  [cid=none] c.m.audit.service.AuditService - AUDIT module=AUTH action=LOGIN_SUCCESS_FORCE_RESET userId=4
2026-07-15 20:46:33.153 [http-nio-8090-exec-10] INFO  [cid=none] c.m.audit.service.AuditService - AUDIT module=AUTH action=PASSWORD_RESET_COMPLETED userId=4
2026-07-15 20:46:33.310 [http-nio-8090-exec-1] INFO  [cid=none] c.m.audit.service.AuditService - AUDIT module=AUTH action=LOGIN_SUCCESS_FORCE_RESET userId=5
2026-07-15 20:46:33.431 [http-nio-8090-exec-2] INFO  [cid=none] c.m.audit.service.AuditService - AUDIT module=AUTH action=PASSWORD_RESET_COMPLETED userId=5
2026-07-15 20:46:33.517 [http-nio-8090-exec-3] INFO  [cid=none] c.m.audit.service.AuditService - AUDIT module=CENTRE action=CENTRE_CREATED userId=2
2026-07-15 20:46:33.744 [http-nio-8090-exec-4] INFO  [cid=none] c.m.audit.service.AuditService - AUDIT module=BORROWER action=BORROWER_REGISTERED userId=2
2026-07-15 20:46:34.940 [http-nio-8090-exec-5] INFO  [cid=none] c.m.audit.service.AuditService - AUDIT module=LOAN_PRODUCT action=LOAN_PRODUCT_CREATED userId=1
2026-07-15 20:46:35.081 [http-nio-8090-exec-6] INFO  [cid=none] c.m.audit.service.AuditService - AUDIT module=LOAN_APPLICATION action=LOAN_APPLICATION_SUBMITTED userId=2
2026-07-15 20:46:35.240 [http-nio-8090-exec-8] INFO  [cid=none] c.m.audit.service.AuditService - AUDIT module=LOAN_APPLICATION action=LOAN_APPLICATION_APPROVED userId=3
2026-07-15 20:46:35.415 [http-nio-8090-exec-9] INFO  [cid=none] c.m.audit.service.AuditService - AUDIT module=AUTH action=LOGIN_FAILED userId=7
2026-07-15 20:46:35.729 [http-nio-8090-exec-10] INFO  [cid=none] c.m.audit.service.AuditService - AUDIT module=AUTH action=LOGIN_FAILED userId=7
2026-07-15 20:47:49.441 [background-preinit] INFO  [cid=none] o.h.validator.internal.util.Version - HV000001: Hibernate Validator 8.0.1.Final
2026-07-15 20:47:49.629 [main] INFO  [cid=none] com.microlend.MicroLendApplication - Starting MicroLendApplication v1.0.0 using Java 21 with PID 9220 (C:\Users\2503719\OneDrive - Cognizant\Desktop\Microlend\backend\target\microlend-core-1.0.0.jar started by 2503719 in C:\Users\2503719\OneDrive - Cognizant\Desktop\Microlend\backend\src\main\java\com\microlend)
2026-07-15 20:47:49.643 [main] INFO  [cid=none] com.microlend.MicroLendApplication - The following 1 profile is active: "dev"
2026-07-15 20:47:52.595 [main] INFO  [cid=none] o.s.d.r.c.RepositoryConfigurationDelegate - Bootstrapping Spring Data JPA repositories in DEFAULT mode.
2026-07-15 20:47:52.804 [main] INFO  [cid=none] o.s.d.r.c.RepositoryConfigurationDelegate - Finished Spring Data repository scanning in 185 ms. Found 18 JPA repository interfaces.
2026-07-15 20:47:55.807 [main] INFO  [cid=none] o.s.b.w.e.tomcat.TomcatWebServer - Tomcat initialized with port 8090 (http)
2026-07-15 20:47:55.840 [main] INFO  [cid=none] o.a.coyote.http11.Http11NioProtocol - Initializing ProtocolHandler ["http-nio-8090"]
2026-07-15 20:47:55.855 [main] INFO  [cid=none] o.a.catalina.core.StandardService - Starting service [Tomcat]
2026-07-15 20:47:55.855 [main] INFO  [cid=none] o.a.catalina.core.StandardEngine - Starting Servlet engine: [Apache Tomcat/10.1.31]
2026-07-15 20:47:56.040 [main] INFO  [cid=none] o.a.c.c.C.[Tomcat].[localhost].[/] - Initializing Spring embedded WebApplicationContext
2026-07-15 20:47:56.046 [main] INFO  [cid=none] o.s.b.w.s.c.ServletWebServerApplicationContext - Root WebApplicationContext: initialization completed in 6320 ms
2026-07-15 20:47:57.291 [main] INFO  [cid=none] o.h.jpa.internal.util.LogHelper - HHH000204: Processing PersistenceUnitInfo [name: default]
2026-07-15 20:47:57.549 [main] INFO  [cid=none] org.hibernate.Version - HHH000412: Hibernate ORM core version 6.5.3.Final
2026-07-15 20:47:57.661 [main] INFO  [cid=none] o.h.c.i.RegionFactoryInitiator - HHH000026: Second-level cache disabled
2026-07-15 20:47:58.550 [main] INFO  [cid=none] o.s.o.j.p.SpringPersistenceUnitInfo - No LoadTimeWeaver setup: ignoring JPA class transformer
2026-07-15 20:47:58.709 [main] INFO  [cid=none] com.zaxxer.hikari.HikariDataSource - HikariPool-1 - Starting...
2026-07-15 20:47:59.249 [main] INFO  [cid=none] com.zaxxer.hikari.pool.HikariPool - HikariPool-1 - Added connection com.mysql.cj.jdbc.ConnectionImpl@192ecf8
2026-07-15 20:47:59.258 [main] INFO  [cid=none] com.zaxxer.hikari.HikariDataSource - HikariPool-1 - Start completed.
2026-07-15 20:48:01.813 [main] INFO  [cid=none] o.h.e.t.j.p.i.JtaPlatformInitiator - HHH000489: No JTA platform available (set 'hibernate.transaction.jta.platform' to enable JTA platform integration)
2026-07-15 20:48:04.672 [main] INFO  [cid=none] o.s.o.j.LocalContainerEntityManagerFactoryBean - Initialized JPA EntityManagerFactory for persistence unit 'default'
2026-07-15 20:48:05.991 [main] INFO  [cid=none] c.m.b.service.KycStorageService - KYC storage root: C:\Users\2503719\OneDrive - Cognizant\Desktop\Microlend\backend\src\main\java\com\microlend\uploads\kyc
2026-07-15 20:48:07.453 [main] WARN  [cid=none] o.s.b.a.s.s.UserDetailsServiceAutoConfiguration - 

Using generated security password: 9d74b394-8f14-40f1-81a6-91a66c43e722

This generated password is for development use only. Your security configuration must be updated before running your application in production.

2026-07-15 20:48:07.473 [main] INFO  [cid=none] o.s.s.c.a.a.c.InitializeUserDetailsBeanManagerConfigurer$InitializeUserDetailsManagerConfigurer - Global AuthenticationManager configured with UserDetailsService bean with name inMemoryUserDetailsManager
2026-07-15 20:48:08.682 [main] INFO  [cid=none] o.s.b.a.e.web.EndpointLinksResolver - Exposing 2 endpoints beneath base path '/actuator'
2026-07-15 20:48:10.668 [main] INFO  [cid=none] o.a.coyote.http11.Http11NioProtocol - Starting ProtocolHandler ["http-nio-8090"]
2026-07-15 20:48:10.693 [main] INFO  [cid=none] o.s.b.w.e.tomcat.TomcatWebServer - Tomcat started on port 8090 (http) with context path '/'
2026-07-15 20:48:10.725 [main] INFO  [cid=none] com.microlend.MicroLendApplication - Started MicroLendApplication in 22.187 seconds (process running for 23.206)
2026-07-15 20:48:10.973 [http-nio-8090-exec-1] INFO  [cid=none] o.a.c.c.C.[Tomcat].[localhost].[/] - Initializing Spring DispatcherServlet 'dispatcherServlet'
2026-07-15 20:48:10.988 [http-nio-8090-exec-1] INFO  [cid=none] o.s.web.servlet.DispatcherServlet - Initializing Servlet 'dispatcherServlet'
2026-07-15 20:48:10.988 [http-nio-8090-exec-1] INFO  [cid=none] o.s.web.servlet.DispatcherServlet - Completed initialization in 0 ms
2026-07-15 20:48:11.799 [main] INFO  [cid=none] c.m.identity.bootstrap.DataSeeder - DataSeeder: created 6 seed users (default password 'Password@123', forced reset on first login).
2026-07-15 20:48:22.939 [http-nio-8090-exec-3] INFO  [cid=none] c.m.audit.service.AuditService - AUDIT module=AUTH action=LOGIN_SUCCESS_FORCE_RESET userId=1
2026-07-15 20:48:23.214 [http-nio-8090-exec-9] INFO  [cid=none] c.m.audit.service.AuditService - AUDIT module=AUTH action=PASSWORD_RESET_COMPLETED userId=1
2026-07-15 20:48:23.468 [http-nio-8090-exec-10] INFO  [cid=none] c.m.audit.service.AuditService - AUDIT module=AUTH action=LOGIN_SUCCESS_FORCE_RESET userId=2
2026-07-15 20:48:23.612 [http-nio-8090-exec-6] INFO  [cid=none] c.m.audit.service.AuditService - AUDIT module=AUTH action=PASSWORD_RESET_COMPLETED userId=2
2026-07-15 20:48:23.775 [http-nio-8090-exec-7] INFO  [cid=none] c.m.audit.service.AuditService - AUDIT module=AUTH action=LOGIN_SUCCESS_FORCE_RESET userId=3
2026-07-15 20:48:23.946 [http-nio-8090-exec-4] INFO  [cid=none] c.m.audit.service.AuditService - AUDIT module=AUTH action=PASSWORD_RESET_COMPLETED userId=3
2026-07-15 20:48:24.106 [http-nio-8090-exec-8] INFO  [cid=none] c.m.audit.service.AuditService - AUDIT module=AUTH action=LOGIN_SUCCESS_FORCE_RESET userId=4
2026-07-15 20:48:24.239 [http-nio-8090-exec-5] INFO  [cid=none] c.m.audit.service.AuditService - AUDIT module=AUTH action=PASSWORD_RESET_COMPLETED userId=4
2026-07-15 20:48:24.391 [http-nio-8090-exec-1] INFO  [cid=none] c.m.audit.service.AuditService - AUDIT module=AUTH action=LOGIN_SUCCESS_FORCE_RESET userId=5
2026-07-15 20:48:24.591 [http-nio-8090-exec-2] INFO  [cid=none] c.m.audit.service.AuditService - AUDIT module=AUTH action=PASSWORD_RESET_COMPLETED userId=5
2026-07-15 20:48:24.901 [http-nio-8090-exec-3] INFO  [cid=none] c.m.audit.service.AuditService - AUDIT module=CENTRE action=CENTRE_CREATED userId=2
2026-07-15 20:48:25.148 [http-nio-8090-exec-9] INFO  [cid=none] c.m.audit.service.AuditService - AUDIT module=BORROWER action=BORROWER_REGISTERED userId=2
2026-07-15 20:48:26.081 [http-nio-8090-exec-10] INFO  [cid=none] c.m.audit.service.AuditService - AUDIT module=LOAN_PRODUCT action=LOAN_PRODUCT_CREATED userId=1
2026-07-15 20:48:26.176 [http-nio-8090-exec-6] INFO  [cid=none] c.m.audit.service.AuditService - AUDIT module=LOAN_APPLICATION action=LOAN_APPLICATION_SUBMITTED userId=2
2026-07-15 20:48:26.287 [http-nio-8090-exec-4] INFO  [cid=none] c.m.audit.service.AuditService - AUDIT module=LOAN_APPLICATION action=LOAN_APPLICATION_APPROVED userId=3
2026-07-15 20:48:26.445 [http-nio-8090-exec-8] INFO  [cid=none] c.m.audit.service.AuditService - AUDIT module=AUTH action=LOGIN_SUCCESS_FORCE_RESET userId=7
2026-07-15 20:48:26.540 [http-nio-8090-exec-5] INFO  [cid=none] c.m.audit.service.AuditService - AUDIT module=AUTH action=PASSWORD_RESET_COMPLETED userId=7
2026-07-15 20:48:26.624 [http-nio-8090-exec-1] INFO  [cid=none] c.m.audit.service.AuditService - AUDIT module=LOAN_ACCOUNT action=SANCTION_ACCEPTED_LOAN_DISBURSED userId=7
2026-07-15 20:48:28.180 [http-nio-8090-exec-2] INFO  [cid=none] c.m.audit.service.AuditService - AUDIT module=DELINQUENCY action=DELINQUENCY_CASE_OPENED userId=null
2026-07-15 20:48:28.196 [http-nio-8090-exec-2] INFO  [cid=none] c.m.n.s.LocalNotificationService - NOTIFY user=4 category=DELINQUENCY entity=DelinquencyCase:1
2026-07-15 20:48:28.196 [http-nio-8090-exec-2] INFO  [cid=none] c.m.audit.service.AuditService - AUDIT module=DELINQUENCY action=DELINQUENCY_SCAN userId=1
2026-07-15 20:48:28.219 [http-nio-8090-exec-2] INFO  [cid=none] c.m.d.service.DelinquencyService - Delinquency scan complete: ScanResultResponse[installmentsMarkedOverdue=1, accountsScanned=1, casesOpened=1, casesUpdated=0, casesResolved=0]
2026-07-15 20:48:28.356 [http-nio-8090-exec-6] INFO  [cid=none] c.m.audit.service.AuditService - AUDIT module=DELINQUENCY action=DELINQUENCY_CASE_ASSIGNED userId=4
2026-07-15 20:48:28.372 [http-nio-8090-exec-6] INFO  [cid=none] c.m.n.s.LocalNotificationService - NOTIFY user=5 category=ASSIGNMENT entity=DelinquencyCase:1
2026-07-15 20:48:29.185 [http-nio-8090-exec-8] INFO  [cid=none] c.m.audit.service.AuditService - AUDIT module=DELINQUENCY action=DELINQUENCY_SCAN userId=1
2026-07-15 20:48:29.200 [http-nio-8090-exec-8] INFO  [cid=none] c.m.d.service.DelinquencyService - Delinquency scan complete: ScanResultResponse[installmentsMarkedOverdue=0, accountsScanned=1, casesOpened=0, casesUpdated=1, casesResolved=0]
2026-07-15 20:48:29.280 [http-nio-8090-exec-1] INFO  [cid=none] c.m.audit.service.AuditService - AUDIT module=COLLECTION action=COLLECTION_RECORDED userId=2
2026-07-15 20:48:29.302 [http-nio-8090-exec-1] INFO  [cid=none] c.m.n.s.LocalNotificationService - NOTIFY user=7 category=RECEIPT entity=CollectionReceipt:1
2026-07-15 20:48:29.390 [http-nio-8090-exec-3] INFO  [cid=none] c.m.audit.service.AuditService - AUDIT module=DELINQUENCY action=DELINQUENCY_CASE_RESOLVED userId=null
2026-07-15 20:48:29.402 [http-nio-8090-exec-3] INFO  [cid=none] c.m.n.s.LocalNotificationService - NOTIFY user=4 category=DELINQUENCY entity=DelinquencyCase:1
2026-07-15 20:48:29.402 [http-nio-8090-exec-3] INFO  [cid=none] c.m.n.s.LocalNotificationService - NOTIFY user=5 category=DELINQUENCY entity=DelinquencyCase:1
2026-07-15 20:48:29.406 [http-nio-8090-exec-3] INFO  [cid=none] c.m.audit.service.AuditService - AUDIT module=COLLECTION action=RECEIPT_APPROVED userId=7
2026-07-15 20:48:29.420 [http-nio-8090-exec-3] INFO  [cid=none] c.m.n.s.LocalNotificationService - NOTIFY user=2 category=RECEIPT entity=CollectionReceipt:1
